Component: ARM Compiler 5.06 update 7 (build 960) Tool: armlink [4d3601]

==============================================================================

Section Cross References

    startup_stm32f103xb.o(STACK) refers (Special) to heapauxi.o(.text) for __use_two_region_memory
    startup_stm32f103xb.o(HEAP) refers (Special) to heapauxi.o(.text) for __use_two_region_memory
    startup_stm32f103xb.o(RESET) refers (Special) to heapauxi.o(.text) for __use_two_region_memory
    startup_stm32f103xb.o(RESET) refers to startup_stm32f103xb.o(STACK) for __initial_sp
    startup_stm32f103xb.o(RESET) refers to startup_stm32f103xb.o(.text) for Reset_Handler
    startup_stm32f103xb.o(RESET) refers to stm32f1xx_it.o(i.NMI_Handler) for NMI_Handler
    startup_stm32f103xb.o(RESET) refers to stm32f1xx_it.o(i.HardFault_Handler) for HardFault_Handler
    startup_stm32f103xb.o(RESET) refers to stm32f1xx_it.o(i.MemManage_Handler) for MemManage_Handler
    startup_stm32f103xb.o(RESET) refers to stm32f1xx_it.o(i.BusFault_Handler) for BusFault_Handler
    startup_stm32f103xb.o(RESET) refers to stm32f1xx_it.o(i.UsageFault_Handler) for UsageFault_Handler
    startup_stm32f103xb.o(RESET) refers to stm32f1xx_it.o(i.SVC_Handler) for SVC_Handler
    startup_stm32f103xb.o(RESET) refers to stm32f1xx_it.o(i.DebugMon_Handler) for DebugMon_Handler
    startup_stm32f103xb.o(RESET) refers to stm32f1xx_it.o(i.PendSV_Handler) for PendSV_Handler
    startup_stm32f103xb.o(RESET) refers to stm32f1xx_it.o(i.SysTick_Handler) for SysTick_Handler
    startup_stm32f103xb.o(RESET) refers to stm32f1xx_it.o(i.DMA1_Channel2_IRQHandler) for DMA1_Channel2_IRQHandler
    startup_stm32f103xb.o(RESET) refers to stm32f1xx_it.o(i.DMA1_Channel3_IRQHandler) for DMA1_Channel3_IRQHandler
    startup_stm32f103xb.o(RESET) refers to stm32f1xx_it.o(i.DMA1_Channel4_IRQHandler) for DMA1_Channel4_IRQHandler
    startup_stm32f103xb.o(RESET) refers to stm32f1xx_it.o(i.DMA1_Channel5_IRQHandler) for DMA1_Channel5_IRQHandler
    startup_stm32f103xb.o(RESET) refers to stm32f1xx_it.o(i.DMA1_Channel6_IRQHandler) for DMA1_Channel6_IRQHandler
    startup_stm32f103xb.o(RESET) refers to stm32f1xx_it.o(i.USB_HP_CAN1_TX_IRQHandler) for USB_HP_CAN1_TX_IRQHandler
    startup_stm32f103xb.o(RESET) refers to stm32f1xx_it.o(i.USB_LP_CAN1_RX0_IRQHandler) for USB_LP_CAN1_RX0_IRQHandler
    startup_stm32f103xb.o(RESET) refers to stm32f1xx_it.o(i.CAN1_RX1_IRQHandler) for CAN1_RX1_IRQHandler
    startup_stm32f103xb.o(RESET) refers to stm32f1xx_it.o(i.CAN1_SCE_IRQHandler) for CAN1_SCE_IRQHandler
    startup_stm32f103xb.o(RESET) refers to stm32f1xx_it.o(i.TIM1_BRK_IRQHandler) for TIM1_BRK_IRQHandler
    startup_stm32f103xb.o(RESET) refers to stm32f1xx_it.o(i.TIM1_UP_IRQHandler) for TIM1_UP_IRQHandler
    startup_stm32f103xb.o(RESET) refers to stm32f1xx_it.o(i.TIM1_TRG_COM_IRQHandler) for TIM1_TRG_COM_IRQHandler
    startup_stm32f103xb.o(RESET) refers to stm32f1xx_it.o(i.TIM1_CC_IRQHandler) for TIM1_CC_IRQHandler
    startup_stm32f103xb.o(RESET) refers to stm32f1xx_it.o(i.TIM2_IRQHandler) for TIM2_IRQHandler
    startup_stm32f103xb.o(RESET) refers to stm32f1xx_it.o(i.TIM3_IRQHandler) for TIM3_IRQHandler
    startup_stm32f103xb.o(RESET) refers to stm32f1xx_it.o(i.USART1_IRQHandler) for USART1_IRQHandler
    startup_stm32f103xb.o(RESET) refers to stm32f1xx_it.o(i.USART3_IRQHandler) for USART3_IRQHandler
    startup_stm32f103xb.o(.text) refers (Special) to heapauxi.o(.text) for __use_two_region_memory
    startup_stm32f103xb.o(.text) refers to system_stm32f1xx.o(i.SystemInit) for SystemInit
    startup_stm32f103xb.o(.text) refers to __main.o(!!!main) for __main
    startup_stm32f103xb.o(.text) refers to startup_stm32f103xb.o(HEAP) for Heap_Mem
    startup_stm32f103xb.o(.text) refers to startup_stm32f103xb.o(STACK) for Stack_Mem
    main.o(i.HAL_TIMEx_CommutCallback) refers to stm32f1xx_hal_gpio.o(i.HAL_GPIO_ReadPin) for HAL_GPIO_ReadPin
    main.o(i.HAL_TIMEx_CommutCallback) refers to rt_memcpy_w.o(.text) for __aeabi_memcpy4
    main.o(i.HAL_TIMEx_CommutCallback) refers to commutator.o(i.Commutation) for Commutation
    main.o(i.HAL_TIMEx_CommutCallback) refers to main.o(.data) for .data
    main.o(i.HAL_TIMEx_CommutCallback) refers to main.o(.constdata) for .constdata
    main.o(i.HAL_TIMEx_CommutCallback) refers to main.o(.bss) for .bss
    main.o(i.HAL_TIM_PeriodElapsedCallback) refers to stm32f1xx_hal.o(i.HAL_GetTick) for HAL_GetTick
    main.o(i.HAL_TIM_PeriodElapsedCallback) refers to dfltll_clz.o(x$fpl$dfltull) for __aeabi_ul2d
    main.o(i.HAL_TIM_PeriodElapsedCallback) refers to main.o(.bss) for .bss
    main.o(i.MX_CAN_Init) refers to stm32f1xx_hal_can.o(i.HAL_CAN_Init) for HAL_CAN_Init
    main.o(i.MX_CAN_Init) refers to main.o(.bss) for .bss
    main.o(i.MX_DMA_Init) refers to stm32f1xx_hal_cortex.o(i.HAL_NVIC_SetPriority) for HAL_NVIC_SetPriority
    main.o(i.MX_DMA_Init) refers to stm32f1xx_hal_cortex.o(i.HAL_NVIC_EnableIRQ) for HAL_NVIC_EnableIRQ
[...]
    i.HardFault_Handler                      0x08003124   Section        0  stm32f1xx_it.o(i.HardFault_Handler)
    i.MX_CAN_Init                            0x08003128   Section        0  main.o(i.MX_CAN_Init)
    MX_CAN_Init                              0x08003129   Thumb Code    48  main.o(i.MX_CAN_Init)
    i.MX_DMA_Init                            0x08003160   Section        0  main.o(i.MX_DMA_Init)
    MX_DMA_Init                              0x08003161   Thumb Code   104  main.o(i.MX_DMA_Init)
    i.MX_GPIO_Init                           0x080031cc   Section        0  main.o(i.MX_GPIO_Init)
    MX_GPIO_Init                             0x080031cd   Thumb Code   156  main.o(i.MX_GPIO_Init)
    i.MX_TIM1_Init                           0x08003274   Section        0  main.o(i.MX_TIM1_Init)
    MX_TIM1_Init                             0x08003275   Thumb Code   254  main.o(i.MX_TIM1_Init)
    i.MX_TIM2_Init                           0x0800337c   Section        0  main.o(i.MX_TIM2_Init)
    MX_TIM2_Init                             0x0800337d   Thumb Code   130  main.o(i.MX_TIM2_Init)
    i.MX_TIM3_Init                           0x08003404   Section        0  main.o(i.MX_TIM3_Init)
    MX_TIM3_Init                             0x08003405   Thumb Code   186  main.o(i.MX_TIM3_Init)
    i.MemManage_Handler                      0x080034c8   Section        0  stm32f1xx_it.o(i.MemManage_Handler)
    i.NMI_Handler                            0x080034ca   Section        0  stm32f1xx_it.o(i.NMI_Handler)
    i.PCD_EP_ISR_Handler                     0x080034cc   Section        0  stm32f1xx_hal_pcd.o(i.PCD_EP_ISR_Handler)
    PCD_EP_ISR_Handler                       0x080034cd   Thumb Code   940  stm32f1xx_hal_pcd.o(i.PCD_EP_ISR_Handler)
    i.PID_Controller_Init                    0x08003878   Section        0  controllerpid.o(i.PID_Controller_Init)
    i.PID_Controller_Update                  0x08003886   Section        0  controllerpid.o(i.PID_Controller_Update)
    i.PendSV_Handler                         0x0800399c   Section        0  stm32f1xx_it.o(i.PendSV_Handler)
    i.SVC_Handler                            0x0800399e   Section        0  stm32f1xx_it.o(i.SVC_Handler)
    i.SenseBattVoltage                       0x080039a0   Section        0  voltagecurrent.o(i.SenseBattVoltage)
    i.SenseChrgCurrent                       0x08003a2c   Section        0  voltagecurrent.o(i.SenseChrgCurrent)
    i.SenseChrgVoltage                       0x08003ab0   Section        0  voltagecurrent.o(i.SenseChrgVoltage)
    i.SenseLoadCurrent                       0x08003b3c   Section        0  voltagecurrent.o(i.SenseLoadCurrent)
    i.SysTick_Handler                        0x08003bbc   Section        0  stm32f1xx_it.o(i.SysTick_Handler)
    i.SystemClock_Config                     0x08003bc0   Section        0  main.o(i.SystemClock_Config)
    i.SystemInit                             0x08003c3c   Section        0  system_stm32f1xx.o(i.SystemInit)
    i.TIM1_BRK_IRQHandler                    0x08003c40   Section        0  stm32f1xx_it.o(i.TIM1_BRK_IRQHandler)
    i.TIM1_CC_IRQHandler                     0x08003c4c   Section        0  stm32f1xx_it.o(i.TIM1_CC_IRQHandler)
    i.TIM1_TRG_COM_IRQHandler                0x08003c58   Section        0  stm32f1xx_it.o(i.TIM1_TRG_COM_IRQHandler)
    i.TIM1_UP_IRQHandler                     0x08003c64   Section        0  stm32f1xx_it.o(i.TIM1_UP_IRQHandler)
    i.TIM2_IRQHandler                        0x08003c70   Section        0  stm32f1xx_it.o(i.TIM2_IRQHandler)
    i.TIM3_IRQHandler                        0x08003c7c   Section        0  stm32f1xx_it.o(i.TIM3_IRQHandler)
    i.TIM_Base_SetConfig                     0x08003c88   Section        0  stm32f1xx_hal_tim.o(i.TIM_Base_SetConfig)
    i.TIM_CCxChannelCmd                      0x08003cf4   Section        0  stm32f1xx_hal_tim.o(i.TIM_CCxChannelCmd)
    i.TIM_ETR_SetConfig                      0x08003d0e   Section        0  stm32f1xx_hal_tim.o(i.TIM_ETR_SetConfig)
    i.TIM_ITRx_SetConfig                     0x08003d22   Section        0  stm32f1xx_hal_tim.o(i.TIM_ITRx_SetConfig)
    TIM_ITRx_SetConfig                       0x08003d23   Thumb Code    16  stm32f1xx_hal_tim.o(i.TIM_ITRx_SetConfig)
    i.TIM_OC1_SetConfig                      0x08003d34   Section        0  stm32f1xx_hal_tim.o(i.TIM_OC1_SetConfig)
    TIM_OC1_SetConfig                        0x08003d35   Thumb Code    74  stm32f1xx_hal_tim.o(i.TIM_OC1_SetConfig)
    i.TIM_OC2_SetConfig                      0x08003d84   Section        0  stm32f1xx_hal_tim.o(i.TIM_OC2_SetConfig)
    i.TIM_OC3_SetConfig                      0x08003ddc   Section        0  stm32f1xx_hal_tim.o(i.TIM_OC3_SetConfig)
    TIM_OC3_SetConfig                        0x08003ddd   Thumb Code    82  stm32f1xx_hal_tim.o(i.TIM_OC3_SetConfig)
    i.TIM_OC4_SetConfig                      0x08003e34   Section        0  stm32f1xx_hal_tim.o(i.TIM_OC4_SetConfig)
    TIM_OC4_SetConfig                        0x08003e35   Thumb Code    64  stm32f1xx_hal_tim.o(i.TIM_OC4_SetConfig)
    i.TIM_SlaveTimer_SetConfig               0x08003e78   Section        0  stm32f1xx_hal_tim.o(i.TIM_SlaveTimer_SetConfig)
    TIM_SlaveTimer_SetConfig                 0x08003e79   Thumb Code   140  stm32f1xx_hal_tim.o(i.TIM_SlaveTimer_SetConfig)
    i.TIM_TI1_ConfigInputStage               0x08003f04   Section        0  stm32f1xx_hal_tim.o(i.TIM_TI1_ConfigInputStage)
    TIM_TI1_ConfigInputStage                 0x08003f05   Thumb Code    34  stm32f1xx_hal_tim.o(i.TIM_TI1_ConfigInputStage)
    i.TIM_TI1_SetConfig                      0x08003f28   Section        0  stm32f1xx_hal_tim.o(i.TIM_TI1_SetConfig)
    i.TIM_TI2_ConfigInputStage               0x08003f80   Section        0  stm32f1xx_hal_tim.o(i.TIM_TI2_ConfigInputStage)
    TIM_TI2_ConfigInputStage                 0x08003f81   Thumb Code    36  stm32f1xx_hal_tim.o(i.TIM_TI2_ConfigInputStage)
    i.UART_DMAAbortOnError                   0x08003fa4   Section        0  stm32f1xx_hal_uart.o(i.UART_DMAAbortOnError)
    UART_DMAAbortOnError                     0x08003fa5   Thumb Code    16  stm32f1xx_hal_uart.o(i.UART_DMAAbortOnError)
    i.UART_EndRxTransfer                     0x08003fb4   Section        0  stm32f1xx_hal_uart.o(i.UART_EndRxTransfer)
    UART_EndRxTransfer                       0x08003fb5   Thumb Code    78  stm32f1xx_hal_uart.o(i.UART_EndRxTransfer)
    i.UART_Receive_IT                        0x08004002   Section        0  stm32f1xx_hal_uart.o(i.UART_Receive_IT)
    UART_Receive_IT                          0x08004003   Thumb Code   194  stm32f1xx_hal_uart.o(i.UART_Receive_IT)
    i.UART_SetConfig                         0x080040c4   Section        0  stm32f1xx_hal_uart.o(i.UART_SetConfig)
    UART_SetConfig                           0x080040c5   Thumb Code   178  stm32f1xx_hal_uart.o(i.UART_SetConfig)
    i.USART1_IRQHandler                      0x0800417c   Section        0  stm32f1xx_it.o(i.USART1_IRQHandler)
    i.USART3_IRQHandler                      0x08004188   Section        0  stm32f1xx_it.o(i.USART3_IRQHandler)
    i.USB_CoreInit                           0x08004194   Section        0  stm32f1xx_ll_usb.o(i.USB_CoreInit)
    i.USB_DevDisconnect                      0x08004198   Section        0  stm32f1xx_ll_usb.o(i.USB_DevDisconnect)
    i.USB_DevInit                            0x0800419c   Section        0  stm32f1xx_ll_usb.o(i.USB_DevInit)
    i.USB_DisableGlobalInt                   0x080041ae   Section        0  stm32f1xx_ll_usb.o(i.USB_DisableGlobalInt)
    i.USB_EPStartXfer                        0x080041bc   Section        0  stm32f1xx_ll_usb.o(i.USB_EPStartXfer)
    i.USB_HP_CAN1_TX_IRQHandler              0x080046a0   Section        0  stm32f1xx_it.o(i.USB_HP_CAN1_TX_IRQHandler)
    i.USB_LP_CAN1_RX0_IRQHandler             0x080046bc   Section        0  stm32f1xx_it.o(i.USB_LP_CAN1_RX0_IRQHandler)
    i.USB_ReadInterrupts                     0x080046d8   Section        0  stm32f1xx_ll_usb.o(i.USB_ReadInterrupts)
    i.USB_ReadPMA                            0x080046e0   Section        0  stm32f1xx_ll_usb.o(i.USB_ReadPMA)
    i.USB_SetCurrentMode                     0x0800470c   Section        0  stm32f1xx_ll_usb.o(i.USB_SetCurrentMode)
    i.USB_SetDevAddress                      0x08004710   Section        0  stm32f1xx_ll_usb.o(i.USB_SetDevAddress)
    i.USB_WritePMA                           0x0800471c   Section        0  stm32f1xx_ll_usb.o(i.USB_WritePMA)
    i.UsageFault_Handler                     0x08004742   Section        0  stm32f1xx_it.o(i.UsageFault_Handler)
    i.__NVIC_SetPriority                     0x08004744   Section        0  stm32f1xx_hal_cortex.o(i.__NVIC_SetPriority)
    __NVIC_SetPriority                       0x08004745   Thumb Code    32  stm32f1xx_hal_cortex.o(i.__NVIC_SetPriority)
    i.enablePowerHold                        0x08004764   Section        0  powerhold.o(i.enablePowerHold)
    i.inputConfigPowerHold                   0x08004774   Section        0  powerhold.o(i.inputConfigPowerHold)
    i.main                                   0x08004790   Section        0  main.o(i.main)
    i.outPinConfigRGB                        0x08004c64   Section        0  onboardrgbled.o(i.outPinConfigRGB)
    i.outputConfigPowerHold                  0x08004cc0   Section        0  powerhold.o(i.outputConfigPowerHold)
    i.powerHold                              0x08004ce4   Section        0  powerhold.o(i.powerHold)
    i.sensePowerHold                         0x08004d10   Section        0  powerhold.o(i.sensePowerHold)
    i.statusOnRGB                            0x08004d3c   Section        0  onboardrgbled.o(i.statusOnRGB)
    x$fpl$d2f                                0x08004db4   Section       98  d2f.o(x$fpl$d2f)
    x$fpl$dcheck1                            0x08004e18   Section       16  dcheck1.o(x$fpl$dcheck1)
    x$fpl$ddiv                               0x08004e28   Section      688  ddiv.o(x$fpl$ddiv)
    ddiv_entry                               0x08004e2f   Thumb Code     0  ddiv.o(x$fpl$ddiv)
    x$fpl$dflt                               0x080050d8   Section       46  dflt_clz.o(x$fpl$dflt)
    x$fpl$dfltull                            0x08005108   Section      138  dfltll_clz.o(x$fpl$dfltull)
    x$fpl$dmul                               0x08005194   Section      340  dmul.o(x$fpl$dmul)
    x$fpl$dnaninf                            0x080052e8   Section      156  dnaninf.o(x$fpl$dnaninf)
    x$fpl$dretinf                            0x08005384   Section       12  dretinf.o(x$fpl$dretinf)
    x$fpl$fadd                               0x08005390   Section      196  faddsub_clz.o(x$fpl$fadd)
    _fadd1                                   0x0800539f   Thumb Code     0  faddsub_clz.o(x$fpl$fadd)
    x$fpl$fcheck1                            0x08005454   Section       12  fcheck1.o(x$fpl$fcheck1)
    x$fpl$fcmpinf                            0x08005460   Section       24  fcmpi.o(x$fpl$fcmpinf)
    x$fpl$fdiv                               0x08005478   Section      388  fdiv.o(x$fpl$fdiv)
    _fdiv1                                   0x08005479   Thumb Code     0  fdiv.o(x$fpl$fdiv)
    x$fpl$fleqf                              0x080055fc   Section      104  fleqf.o(x$fpl$fleqf)
    x$fpl$fmul                               0x08005664   Section      258  fmul.o(x$fpl$fmul)
    x$fpl$fnaninf                            0x08005766   Section      140  fnaninf.o(x$fpl$fnaninf)
    x$fpl$fretinf                            0x080057f2   Section       10  fretinf.o(x$fpl$fretinf)
    x$fpl$frleqf                             0x080057fc   Section       98  frleqf.o(x$fpl$frleqf)
    x$fpl$fsub                               0x08005860   Section      234  faddsub_clz.o(x$fpl$fsub)
    _fsub1                                   0x0800586f   Thumb Code     0  faddsub_clz.o(x$fpl$fsub)
    x$fpl$retnan                             0x0800594a   Section      100  retnan.o(x$fpl$retnan)
    x$fpl$scalbn                             0x080059ae   Section       92  scalbn.o(x$fpl$scalbn)
    x$fpl$scalbnf                            0x08005a0a   Section       76  scalbnf.o(x$fpl$scalbnf)
    x$fpl$trapveneer                         0x08005a56   Section       48  trapv.o(x$fpl$trapveneer)
    x$fpl$usenofp                            0x08005a86   Section        0  usenofp.o(x$fpl$usenofp)
    .constdata                               0x08005a88   Section       32  main.o(.constdata)
    .constdata                               0x08005aa8   Section       18  stm32f1xx_hal_rcc.o(.constdata)
    aPredivFactorTable                       0x08005aa8   Data           2  stm32f1xx_hal_rcc.o(.constdata)
    aPLLMULFactorTable                       0x08005aaa   Data          16  stm32f1xx_hal_rcc.o(.constdata)
    .constdata                               0x08005aba   Section       18  stm32f1xx_hal_rcc_ex.o(.constdata)
    aPredivFactorTable                       0x08005aba   Data           2  stm32f1xx_hal_rcc_ex.o(.constdata)
    aPLLMULFactorTable                       0x08005abc   Data          16  stm32f1xx_hal_rcc_ex.o(.constdata)
    .constdata                               0x08005acc   Section       16  system_stm32f1xx.o(.constdata)
    .constdata                               0x08005adc   Section        8  system_stm32f1xx.o(.constdata)
    .constdata                               0x08005ae4   Section       48  commutator.o(.constdata)
    .data                                    0x20000000   Section       36  main.o(.data)
    .data                                    0x20000024   Section       12  stm32f1xx_hal.o(.data)
    .data                                    0x20000030   Section        4  system_stm32f1xx.o(.data)
    .bss                                     0x20000038   Section     1360  main.o(.bss)
    .bss                                     0x20000588   Section       68  main.o(.bss)
    .bss                                     0x200005cc   Section       68  main.o(.bss)
    .bss                                     0x20000610   Section       68  main.o(.bss)
    .bss                                     0x20000654   Section       68  main.o(.bss)
    .bss                                     0x20000698   Section       68  main.o(.bss)
    .bss                                     0x200006dc   Section       16  powerhold.o(.bss)
    .bss                                     0x200006ec   Section       96  libspace.o(.bss)
    HEAP                                     0x20000750   Section      512  startup_stm32f103xb.o(HEAP)
    Heap_Mem                                 0x20000750   Data         512  startup_stm32f103xb.o(HEAP)
    STACK                                    0x20000950   Section     1024  startup_stm32f103xb.o(STACK)
    Stack_Mem                                0x20000950   Data        1024  startup_stm32f103xb.o(STACK)
    __initial_sp                             0x20000d50   Data           0  startup_stm32f103xb.o(STACK)

    Global Symbols

    Symbol Name                              Value     Ov Type        Size  Object(Section)

    BuildAttributes$$THM_ISAv4$P$D$K$B$S$PE$A:L22UL41UL21$X:L11$S22US41US21$IEEE1$IW$USESV6$~STKCKD$USESV7$~SHL$OSPACE$ROPI$EBA8$UX$STANDARDLIB$REQ8$PRES8$EABIv2 0x00000000   Number         0  anon$$obj.o ABSOLUTE
    __ARM_use_no_argv                        0x00000000   Number         0  main.o ABSOLUTE
    __ARM_exceptions_init                     - Undefined Weak Reference
    __alloca_initialize                       - Undefined Weak Reference
    __arm_fini_                               - Undefined Weak Reference
    __arm_preinit_                            - Undefined Weak Reference
    __cpp_initialize__aeabi_                  - Undefined Weak Reference
    __cxa_finalize                            - Undefined Weak Reference
    __rt_locale                               - Undefined Weak Reference
    __sigvec_lookup                           - Undefined Weak Reference
    _atexit_init                              - Undefined Weak Reference
    _call_atexit_fns                          - Undefined Weak Reference
    _clock_init                               - Undefined Weak Reference
    _fp_trap_init                             - Undefined Weak Reference
    _fp_trap_shutdown                         - Undefined Weak Reference
    _get_lc_collate                           - Undefined Weak Reference
    _get_lc_ctype                             - Undefined Weak Reference
    _get_lc_monetary                          - Undefined Weak Reference
    _get_lc_numeric                           - Undefined Weak Reference
    _get_lc_time                              - Undefined Weak Reference
    _getenv_init                              - Undefined Weak Reference
    _handle_redirection                       - Undefined Weak Reference
    _init_alloc                               - Undefined Weak Reference
    _init_user_alloc                          - Undefined Weak Reference
    _initio                                   - Undefined Weak Reference
    _rand_init                                - Undefined Weak Reference
    _signal_finish                            - Undefined Weak Reference
    _signal_init                              - Undefined Weak Reference
    _terminate_alloc                          - Undefined Weak Reference
    _terminate_user_alloc                     - Undefined Weak Reference
    _terminateio                              - Undefined Weak Reference
    __Vectors_Size                           0x000000ec   Number         0  startup_stm32f103xb.o ABSOLUTE
    __Vectors                                0x08000000   Data           4  startup_stm32f103xb.o(RESET)
    __Vectors_End                            0x080000ec   Data           0  startup_stm32f103xb.o(RESET)
    __main                                   0x080000ed   Thumb Code     8  __main.o(!!!main)
    __scatterload                            0x080000f5   Thumb Code     0  __scatter.o(!!!scatter)
    __scatterload_rt2                        0x080000f5   Thumb Code    44  __scatter.o(!!!scatter)
    __scatterload_rt2_thumb_only             0x080000f5   Thumb Code     0  __scatter.o(!!!scatter)
    __scatterload_null                       0x08000103   Thumb Code     0  __scatter.o(!!!scatter)
    __scatterload_copy                       0x08000129   Thumb Code    26  __scatter_copy.o(!!handler_copy)
    __scatterload_zeroinit                   0x08000145   Thumb Code    28  __scatter_zi.o(!!handler_zi)
    __rt_lib_init                            0x08000161   Thumb Code     0  libinit.o(.ARM.Collect$$libinit$$00000000)
    __rt_lib_init_alloca_1                   0x08000163   Thumb Code     0  libinit2.o(.ARM.Collect$$libinit$$0000002E)
    __rt_lib_init_argv_1                     0x08000163   Thumb Code     0  libinit2.o(.ARM.Collect$$libinit$$0000002C)
    __rt_lib_init_atexit_1                   0x08000163   Thumb Code     0  libinit2.o(.ARM.Collect$$libinit$$0000001B)
    __rt_lib_init_clock_1                    0x08000163   Thumb Code     0  libinit2.o(.ARM.Collect$$libinit$$00000021)
    __rt_lib_init_cpp_1                      0x08000163   Thumb Code     0  libinit2.o(.ARM.Collect$$libinit$$00000032)
    __rt_lib_init_exceptions_1               0x08000163   Thumb Code     0  libinit2.o(.ARM.Collect$$libinit$$00000030)
    __rt_lib_init_fp_1                       0x08000163   Thumb Code     0  libinit2.o(.ARM.Collect$$libinit$$00000002)
    __rt_lib_init_fp_trap_1                  0x08000163   Thumb Code     0  libinit2.o(.ARM.Collect$$libinit$$0000001F)
    __rt_lib_init_getenv_1                   0x08000163   Thumb Code     0  libinit2.o(.ARM.Collect$$libinit$$00000023)
    __rt_lib_init_heap_1                     0x08000163   Thumb Code     0  libinit2.o(.ARM.Collect$$libinit$$0000000A)
    __rt_lib_init_lc_collate_1               0x08000163   Thumb Code     0  libinit2.o(.ARM.Collect$$libinit$$00000011)
    __rt_lib_init_lc_ctype_1                 0x08000163   Thumb Code     0  libinit2.o(.ARM.Collect$$libinit$$00000013)
    __rt_lib_init_lc_monetary_1              0x08000163   Thumb Code     0  libinit2.o(.ARM.Collect$$libinit$$00000015)
    __rt_lib_init_lc_numeric_1               0x08000163   Thumb Code     0  libinit2.o(.ARM.Collect$$libinit$$00000017)
    __rt_lib_init_lc_time_1                  0x08000163   Thumb Code     0  libinit2.o(.ARM.Collect$$libinit$$00000019)
    __rt_lib_init_preinit_1                  0x08000163   Thumb Code     0  libinit2.o(.ARM.Collect$$libinit$$00000004)
    __rt_lib_init_rand_1                     0x08000163   Thumb Code     0  libinit2.o(.ARM.Collect$$libinit$$0000000E)
    __rt_lib_init_return                     0x08000163   Thumb Code     0  libinit2.o(.ARM.Collect$$libinit$$00000033)
    __rt_lib_init_signal_1                   0x08000163   Thumb Code     0  libinit2.o(.ARM.Collect$$libinit$$0000001D)
    __rt_lib_init_stdio_1                    0x08000163   Thumb Code     0  libinit2.o(.ARM.Collect$$libinit$$00000025)
    __rt_lib_init_user_alloc_1               0x08000163   Thumb Code     0  libinit2.o(.ARM.Collect$$libinit$$0000000C)
    __rt_lib_shutdown                        0x08000165   Thumb Code     0  libshutdown.o(.ARM.Collect$$libshutdown$$00000000)
    __rt_lib_shutdown_cpp_1                  0x08000167   Thumb Code     0  libshutdown2.o(.ARM.Collect$$libshutdown$$00000004)
    __rt_lib_shutdown_fini_1                 0x08000167   Thumb Code     0  libshutdown2.o(.ARM.Collect$$libshutdown$$00000002)
    __rt_lib_shutdown_fp_trap_1              0x08000167   Thumb Code     0  libshutdown2.o(.ARM.Collect$$libshutdown$$00000009)
    __rt_lib_shutdown_heap_1                 0x08000167   Thumb Code     0  libshutdown2.o(.ARM.Collect$$libshutdown$$00000011)
    __rt_lib_shutdown_return                 0x08000167   Thumb Code     0  libshutdown2.o(.ARM.Collect$$libshutdown$$00000012)
    __rt_lib_shutdown_signal_1               0x08000167   Thumb Code     0  libshutdown2.o(.ARM.Collect$$libshutdown$$0000000C)
    __rt_lib_shutdown_stdio_1                0x08000167   Thumb Code     0  libshutdown2.o(.ARM.Collect$$libshutdown$$00000006)
    __rt_lib_shutdown_user_alloc_1           0x08000167   Thumb Code     0  libshutdown2.o(.ARM.Collect$$libshutdown$$0000000E)
    __rt_entry                               0x08000169   Thumb Code     0  __rtentry.o(.ARM.Collect$$rtentry$$00000000)
    __rt_entry_presh_1                       0x08000169   Thumb Code     0  __rtentry2.o(.ARM.Collect$$rtentry$$00000002)
    __rt_entry_sh                            0x08000169   Thumb Code     0  __rtentry4.o(.ARM.Collect$$rtentry$$00000004)
    __rt_entry_li                            0x0800016f   Thumb Code     0  __rtentry2.o(.ARM.Collect$$rtentry$$0000000A)
    __rt_entry_postsh_1                      0x0800016f   Thumb Code     0  __rtentry2.o(.ARM.Collect$$rtentry$$00000009)
    __rt_entry_main                          0x08000173   Thumb Code     0  __rtentry2.o(.ARM.Collect$$rtentry$$0000000D)
    __rt_entry_postli_1                      0x08000173   Thumb Code     0  __rtentry2.o(.ARM.Collect$$rtentry$$0000000C)
    __rt_exit                                0x0800017b   Thumb Code     0  rtexit.o(.ARM.Collect$$rtexit$$00000000)
    __rt_exit_ls                             0x0800017d   Thumb Code     0  rtexit2.o(.ARM.Collect$$rtexit$$00000003)
    __rt_exit_prels_1                        0x0800017d   Thumb Code     0  rtexit2.o(.ARM.Collect$$rtexit$$00000002)
    __rt_exit_exit                           0x08000181   Thumb Code     0  rtexit2.o(.ARM.Collect$$rtexit$$00000004)
    Reset_Handler                            0x08000189   Thumb Code     8  startup_stm32f103xb.o(.text)
    ADC1_2_IRQHandler                        0x080001a3   Thumb Code     0  startup_stm32f103xb.o(.text)
    DMA1_Channel1_IRQHandler                 0x080001a3   Thumb Code     0  startup_stm32f103xb.o(.text)
    DMA1_Channel7_IRQHandler                 0x080001a3   Thumb Code     0  startup_stm32f103xb.o(.text)
    EXTI0_IRQHandler                         0x080001a3   Thumb Code     0  startup_stm32f103xb.o(.text)
    EXTI15_10_IRQHandler                     0x080001a3   Thumb Code     0  startup_stm32f103xb.o(.text)
    EXTI1_IRQHandler                         0x080001a3   Thumb Code     0  startup_stm32f103xb.o(.text)
    EXTI2_IRQHandler                         0x080001a3   Thumb Code     0  startup_stm32f103xb.o(.text)
    EXTI3_IRQHandler                         0x080001a3   Thumb Code     0  startup_stm32f103xb.o(.text)
    EXTI4_IRQHandler                         0x080001a3   Thumb Code     0  startup_stm32f103xb.o(.text)
    EXTI9_5_IRQHandler                       0x080001a3   Thumb Code     0  startup_stm32f103xb.o(.text)
    FLASH_IRQHandler                         0x080001a3   Thumb Code     0  startup_stm32f103xb.o(.text)
    I2C1_ER_IRQHandler                       0x080001a3   Thumb Code     0  startup_stm32f103xb.o(.text)
    I2C1_EV_IRQHandler                       0x080001a3   Thumb Code     0  startup_stm32f103xb.o(.text)
    I2C2_ER_IRQHandler                       0x080001a3   Thumb Code     0  startup_stm32f103xb.o(.text)
    I2C2_EV_IRQHandler                       0x080001a3   Thumb Code     0  startup_stm32f103xb.o(.text)
    PVD_IRQHandler                           0x080001a3   Thumb Code     0  startup_stm32f103xb.o(.text)
    RCC_IRQHandler                           0x080001a3   Thumb Code     0  startup_stm32f103xb.o(.text)
    RTC_Alarm_IRQHandler                     0x080001a3   Thumb Code     0  startup_stm32f103xb.o(.text)
    RTC_IRQHandler                           0x080001a3   Thumb Code     0  startup_stm32f103xb.o(.text)
    SPI1_IRQHandler                          0x080001a3   Thumb Code     0  startup_stm32f103xb.o(.text)
    SPI2_IRQHandler                          0x080001a3   Thumb Code     0  startup_stm32f103xb.o(.text)
    TAMPER_IRQHandler                        0x080001a3   Thumb Code     0  startup_stm32f103xb.o(.text)
    TIM4_IRQHandler                          0x080001a3   Thumb Code     0  startup_stm32f103xb.o(.text)
    USART2_IRQHandler                        0x080001a3   Thumb Code     0  startup_stm32f103xb.o(.text)
    USBWakeUp_IRQHandler                     0x080001a3   Thumb Code     0  startup_stm32f103xb.o(.text)
    WWDG_IRQHandler                          0x080001a3   Thumb Code     0  startup_stm32f103xb.o(.text)
    __user_initial_stackheap                 0x080001a5   Thumb Code     0  startup_stm32f103xb.o(.text)
    __aeabi_memcpy4                          0x080001c9   Thumb Code     0  rt_memcpy_w.o(.text)
    __aeabi_memcpy8                          0x080001c9   Thumb Code     0  rt_memcpy_w.o(.text)
    __rt_memcpy_w                            0x080001c9   Thumb Code   100  rt_memcpy_w.o(.text)
    _memcpy_lastbytes_aligned                0x08000211   Thumb Code     0  rt_memcpy_w.o(.text)
    __aeabi_memclr4                          0x0800022d   Thumb Code     0  rt_memclr_w.o(.text)
    __aeabi_memclr8                          0x0800022d   Thumb Code     0  rt_memclr_w.o(.text)
    __rt_memclr_w                            0x0800022d   Thumb Code    78  rt_memclr_w.o(.text)
    _memset_w                                0x08000231   Thumb Code     0  rt_memclr_w.o(.text)
    __use_two_region_memory                  0x0800027b   Thumb Code     2  heapauxi.o(.text)
    __rt_heap_escrow$2region                 0x0800027d   Thumb Code     2  heapauxi.o(.text)
    __rt_heap_expand$2region                 0x0800027f   Thumb Code     2  heapauxi.o(.text)
    __user_setup_stackheap                   0x08000281   Thumb Code    74  sys_stackheap_outer.o(.text)
    exit                                     0x080002cb   Thumb Code    18  exit.o(.text)
    __user_libspace                          0x080002dd   Thumb Code     8  libspace.o(.text)
    __user_perproc_libspace                  0x080002dd   Thumb Code     0  libspace.o(.text)
    __user_perthread_libspace                0x080002dd   Thumb Code     0  libspace.o(.text)
    _sys_exit                                0x080002e5   Thumb Code     8  sys_exit.o(.text)
    __I$use$semihosting                      0x080002f1   Thumb Code     0  use_no_semi.o(.text)
    __use_no_semihosting_swi                 0x080002f1   Thumb Code     2  use_no_semi.o(.text)
    __semihosting_library_function           0x080002f3   Thumb Code     0  indicate_semi.o(.text)
    ADC_ConversionStop_Disable               0x080002f5   Thumb Code    86  stm32f1xx_hal_adc.o(i.ADC_ConversionStop_Disable)
    ADC_Enable                               0x0800034d   Thumb Code   114  stm32f1xx_hal_adc.o(i.ADC_Enable)
    ADC_Select_CurrentChrgCH                 0x080003c9   Thumb Code    58  voltagecurrent.o(i.ADC_Select_CurrentChrgCH)
    ADC_Select_LoadCurrentCH                 0x08000403   Thumb Code    56  voltagecurrent.o(i.ADC_Select_LoadCurrentCH)
    ADC_Select_VbattCH                       0x0800043b   Thumb Code    58  voltagecurrent.o(i.ADC_Select_VbattCH)
    ADC_Select_VchrgCH                       0x08000475   Thumb Code    58  voltagecurrent.o(i.ADC_Select_VchrgCH)
    BusFault_Handler                         0x080004af   Thumb Code     2  stm32f1xx_it.o(i.BusFault_Handler)
    CAN1_RX1_IRQHandler                      0x080004b1   Thumb Code     6  stm32f1xx_it.o(i.CAN1_RX1_IRQHandler)
    CAN1_SCE_IRQHandler                      0x080004bd   Thumb Code     6  stm32f1xx_it.o(i.CAN1_SCE_IRQHandler)
    Commutation                              0x080004c9   Thumb Code   218  commutator.o(i.Commutation)
    DMA1_Channel2_IRQHandler                 0x080005ad   Thumb Code     6  stm32f1xx_it.o(i.DMA1_Channel2_IRQHandler)
    DMA1_Channel3_IRQHandler                 0x080005b9   Thumb Code     6  stm32f1xx_it.o(i.DMA1_Channel3_IRQHandler)
    DMA1_Channel4_IRQHandler                 0x080005c5   Thumb Code     6  stm32f1xx_it.o(i.DMA1_Channel4_IRQHandler)
    DMA1_Channel5_IRQHandler                 0x080005d1   Thumb Code     6  stm32f1xx_it.o(i.DMA1_Channel5_IRQHandler)
    DMA1_Channel6_IRQHandler                 0x080005dd   Thumb Code     6  stm32f1xx_it.o(i.DMA1_Channel6_IRQHandler)
    DebugMon_Handler                         0x080005e9   Thumb Code     2  stm32f1xx_it.o(i.DebugMon_Handler)
    Error_Handler                            0x080005eb   Thumb Code     4  main.o(i.Error_Handler)
    HAL_ADC_ConfigChannel                    0x080005f1   Thumb Code   240  stm32f1xx_hal_adc.o(i.HAL_ADC_ConfigChannel)
    HAL_ADC_GetValue                         0x080006ed   Thumb Code     6  stm32f1xx_hal_adc.o(i.HAL_ADC_GetValue)
    HAL_ADC_Init                             0x080006f5   Thumb Code   272  stm32f1xx_hal_adc.o(i.HAL_ADC_Init)
    HAL_ADC_MspInit                          0x08000811   Thumb Code   106  stm32f1xx_hal_msp.o(i.HAL_ADC_MspInit)
    HAL_ADC_PollForConversion                0x0800088d   Thumb Code   304  stm32f1xx_hal_adc.o(i.HAL_ADC_PollForConversion)
    HAL_ADC_Start                            0x080009c9   Thumb Code   184  stm32f1xx_hal_adc.o(i.HAL_ADC_Start)
    HAL_ADC_Stop                             0x08000a89   Thumb Code    52  stm32f1xx_hal_adc.o(i.HAL_ADC_Stop)
    HAL_CAN_ErrorCallback                    0x08000abd   Thumb Code     2  stm32f1xx_hal_can.o(i.HAL_CAN_ErrorCallback)
    HAL_CAN_IRQHandler                       0x08000abf   Thumb Code   508  stm32f1xx_hal_can.o(i.HAL_CAN_IRQHandler)
    HAL_CAN_Init                             0x08000cbb   Thumb Code   282  stm32f1xx_hal_can.o(i.HAL_CAN_Init)
    HAL_CAN_MspInit                          0x08000dd5   Thumb Code   178  stm32f1xx_hal_msp.o(i.HAL_CAN_MspInit)
    HAL_CAN_RxFifo0FullCallback              0x08000e99   Thumb Code     2  stm32f1xx_hal_can.o(i.HAL_CAN_RxFifo0FullCallback)
    HAL_CAN_RxFifo0MsgPendingCallback        0x08000e9b   Thumb Code     2  stm32f1xx_hal_can.o(i.HAL_CAN_RxFifo0MsgPendingCallback)
    HAL_CAN_RxFifo1FullCallback              0x08000e9d   Thumb Code     2  stm32f1xx_hal_can.o(i.HAL_CAN_RxFifo1FullCallback)
    HAL_CAN_RxFifo1MsgPendingCallback        0x08000e9f   Thumb Code     2  stm32f1xx_hal_can.o(i.HAL_CAN_RxFifo1MsgPendingCallback)
    HAL_CAN_SleepCallback                    0x08000ea1   Thumb Code     2  stm32f1xx_hal_can.o(i.HAL_CAN_SleepCallback)
    HAL_CAN_TxMailbox0AbortCallback          0x08000ea3   Thumb Code     2  stm32f1xx_hal_can.o(i.HAL_CAN_TxMailbox0AbortCallback)
    HAL_CAN_TxMailbox0CompleteCallback       0x08000ea5   Thumb Code     2  stm32f1xx_hal_can.o(i.HAL_CAN_TxMailbox0CompleteCallback)
    HAL_CAN_TxMailbox1AbortCallback          0x08000ea7   Thumb Code     2  stm32f1xx_hal_can.o(i.HAL_CAN_TxMailbox1AbortCallback)
    HAL_CAN_TxMailbox1CompleteCallback       0x08000ea9   Thumb Code     2  stm32f1xx_hal_can.o(i.HAL_CAN_TxMailbox1CompleteCallback)
    HAL_CAN_TxMailbox2AbortCallback          0x08000eab   Thumb Code     2  stm32f1xx_hal_can.o(i.HAL_CAN_TxMailbox2AbortCallback)
    HAL_CAN_TxMailbox2CompleteCallback       0x08000ead   Thumb Code     2  stm32f1xx_hal_can.o(i.HAL_CAN_TxMailbox2CompleteCallback)
    HAL_CAN_WakeUpFromRxMsgCallback          0x08000eaf   Thumb Code     2  stm32f1xx_hal_can.o(i.HAL_CAN_WakeUpFromRxMsgCallback)
    HAL_CRC_Init                             0x08000eb1   Thumb Code    34  stm32f1xx_hal_crc.o(i.HAL_CRC_Init)
    HAL_CRC_MspInit                          0x08000ed5   Thumb Code    30  stm32f1xx_hal_msp.o(i.HAL_CRC_MspInit)
    HAL_DMA_Abort                            0x08000efd   Thumb Code    70  stm32f1xx_hal_dma.o(i.HAL_DMA_Abort)
    HAL_DMA_Abort_IT                         0x08000f45   Thumb Code   148  stm32f1xx_hal_dma.o(i.HAL_DMA_Abort_IT)
    HAL_DMA_IRQHandler                       0x08000fdd   Thumb Code   316  stm32f1xx_hal_dma.o(i.HAL_DMA_IRQHandler)
    HAL_DMA_Init                             0x08001131   Thumb Code    84  stm32f1xx_hal_dma.o(i.HAL_DMA_Init)
    HAL_Delay                                0x0800118d   Thumb Code    32  stm32f1xx_hal.o(i.HAL_Delay)
    HAL_GPIO_Init                            0x080011b1   Thumb Code   446  stm32f1xx_hal_gpio.o(i.HAL_GPIO_Init)
    HAL_GPIO_ReadPin                         0x08001391   Thumb Code    10  stm32f1xx_hal_gpio.o(i.HAL_GPIO_ReadPin)
    HAL_GPIO_TogglePin                       0x0800139b   Thumb Code    16  stm32f1xx_hal_gpio.o(i.HAL_GPIO_TogglePin)
    HAL_GPIO_WritePin                        0x080013ab   Thumb Code    10  stm32f1xx_hal_gpio.o(i.HAL_GPIO_WritePin)
    HAL_GetTick                              0x080013b5   Thumb Code     6  stm32f1xx_hal.o(i.HAL_GetTick)
    HAL_IncTick                              0x080013c1   Thumb Code    12  stm32f1xx_hal.o(i.HAL_IncTick)
    HAL_Init                                 0x080013d1   Thumb Code    32  stm32f1xx_hal.o(i.HAL_Init)
    HAL_InitTick                             0x080013f5   Thumb Code    54  stm32f1xx_hal.o(i.HAL_InitTick)
    HAL_MspInit                              0x08001435   Thumb Code    52  stm32f1xx_hal_msp.o(i.HAL_MspInit)
    HAL_NVIC_EnableIRQ                       0x08001471   Thumb Code    26  stm32f1xx_hal_cortex.o(i.HAL_NVIC_EnableIRQ)
    HAL_NVIC_SetPriority                     0x0800148d   Thumb Code    60  stm32f1xx_hal_cortex.o(i.HAL_NVIC_SetPriority)
    HAL_NVIC_SetPriorityGrouping             0x080014cd   Thumb Code    26  stm32f1xx_hal_cortex.o(i.HAL_NVIC_SetPriorityGrouping)
    HAL_PCD_DataInStageCallback              0x080014f1   Thumb Code     2  stm32f1xx_hal_pcd.o(i.HAL_PCD_DataInStageCallback)
    HAL_PCD_DataOutStageCallback             0x080014f3   Thumb Code     2  stm32f1xx_hal_pcd.o(i.HAL_PCD_DataOutStageCallback)
    HAL_PCD_IRQHandler                       0x08001915   Thumb Code   308  stm32f1xx_hal_pcd.o(i.HAL_PCD_IRQHandler)
    HAL_PCD_Init                             0x08001a49   Thumb Code   218  stm32f1xx_hal_pcd.o(i.HAL_PCD_Init)
    HAL_PCD_MspInit                          0x08001b25   Thumb Code    66  stm32f1xx_hal_msp.o(i.HAL_PCD_MspInit)
    HAL_PCD_ResetCallback                    0x08001b71   Thumb Code     2  stm32f1xx_hal_pcd.o(i.HAL_PCD_ResetCallback)
    HAL_PCD_ResumeCallback                   0x08001b73   Thumb Code     2  stm32f1xx_hal_pcd.o(i.HAL_PCD_ResumeCallback)
    HAL_PCD_SOFCallback                      0x08001b75   Thumb Code     2  stm32f1xx_hal_pcd.o(i.HAL_PCD_SOFCallback)
    HAL_PCD_SetAddress                       0x08001b77   Thumb Code    40  stm32f1xx_hal_pcd.o(i.HAL_PCD_SetAddress)
    HAL_PCD_SetupStageCallback               0x08001b9f   Thumb Code     2  stm32f1xx_hal_pcd.o(i.HAL_PCD_SetupStageCallback)
    HAL_PCD_SuspendCallback                  0x08001ba1   Thumb Code     2  stm32f1xx_hal_pcd.o(i.HAL_PCD_SuspendCallback)
    HAL_RCCEx_GetPeriphCLKFreq               0x08001ba5   Thumb Code   148  stm32f1xx_hal_rcc_ex.o(i.HAL_RCCEx_GetPeriphCLKFreq)
    HAL_RCCEx_PeriphCLKConfig                0x08001c49   Thumb Code   224  stm32f1xx_hal_rcc_ex.o(i.HAL_RCCEx_PeriphCLKConfig)
    HAL_RCC_ClockConfig                      0x08001d35   Thumb Code   280  stm32f1xx_hal_rcc.o(i.HAL_RCC_ClockConfig)
    HAL_RCC_GetPCLK1Freq                     0x08001e61   Thumb Code    20  stm32f1xx_hal_rcc.o(i.HAL_RCC_GetPCLK1Freq)
    HAL_RCC_GetPCLK2Freq                     0x08001e81   Thumb Code    20  stm32f1xx_hal_rcc.o(i.HAL_RCC_GetPCLK2Freq)
    HAL_RCC_GetSysClockFreq                  0x08001ea1   Thumb Code    58  stm32f1xx_hal_rcc.o(i.HAL_RCC_GetSysClockFreq)
    HAL_RCC_OscConfig                        0x08001eed   Thumb Code   778  stm32f1xx_hal_rcc.o(i.HAL_RCC_OscConfig)
    HAL_SYSTICK_Config                       0x0800220d   Thumb Code    40  stm32f1xx_hal_cortex.o(i.HAL_SYSTICK_Config)
    HAL_TIMEx_BreakCallback                  0x08002235   Thumb Code     2  stm32f1xx_hal_tim_ex.o(i.HAL_TIMEx_BreakCallback)
    HAL_TIMEx_CommutCallback                 0x08002239   Thumb Code   182  main.o(i.HAL_TIMEx_CommutCallback)
    HAL_TIMEx_ConfigBreakDeadTime            0x08002301   Thumb Code    84  stm32f1xx_hal_tim_ex.o(i.HAL_TIMEx_ConfigBreakDeadTime)
    HAL_TIMEx_ConfigCommutEvent_IT           0x08002355   Thumb Code   112  stm32f1xx_hal_tim_ex.o(i.HAL_TIMEx_ConfigCommutEvent_IT)
    HAL_TIMEx_HallSensor_Init                0x080023c5   Thumb Code   208  stm32f1xx_hal_tim_ex.o(i.HAL_TIMEx_HallSensor_Init)
    HAL_TIMEx_HallSensor_MspInit             0x08002495   Thumb Code     2  stm32f1xx_hal_tim_ex.o(i.HAL_TIMEx_HallSensor_MspInit)
    HAL_TIMEx_HallSensor_Start_IT            0x08002499   Thumb Code   126  stm32f1xx_hal_tim_ex.o(i.HAL_TIMEx_HallSensor_Start_IT)
    HAL_TIMEx_MasterConfigSynchronization    0x08002525   Thumb Code    92  stm32f1xx_hal_tim_ex.o(i.HAL_TIMEx_MasterConfigSynchronization)
    HAL_TIM_Base_Init                        0x0800258d   Thumb Code    90  stm32f1xx_hal_tim.o(i.HAL_TIM_Base_Init)
    HAL_TIM_Base_MspInit                     0x080025e9   Thumb Code   386  stm32f1xx_hal_msp.o(i.HAL_TIM_Base_MspInit)
    HAL_TIM_Base_Start_IT                    0x08002791   Thumb Code    76  stm32f1xx_hal_tim.o(i.HAL_TIM_Base_Start_IT)
    HAL_TIM_Base_Stop                        0x080027e9   Thumb Code    38  stm32f1xx_hal_tim.o(i.HAL_TIM_Base_Stop)
    HAL_TIM_ConfigClockSource                0x0800280f   Thumb Code   220  stm32f1xx_hal_tim.o(i.HAL_TIM_ConfigClockSource)
    HAL_TIM_IC_CaptureCallback               0x080028eb   Thumb Code     2  stm32f1xx_hal_tim.o(i.HAL_TIM_IC_CaptureCallback)
    HAL_TIM_IRQHandler                       0x080028ed   Thumb Code   358  stm32f1xx_hal_tim.o(i.HAL_TIM_IRQHandler)
    HAL_TIM_MspPostInit                      0x08002a55   Thumb Code   170  stm32f1xx_hal_msp.o(i.HAL_TIM_MspPostInit)
    HAL_TIM_OC_DelayElapsedCallback          0x08002b15   Thumb Code     2  stm32f1xx_hal_tim.o(i.HAL_TIM_OC_DelayElapsedCallback)
    HAL_TIM_PWM_ConfigChannel                0x08002b17   Thumb Code   204  stm32f1xx_hal_tim.o(i.HAL_TIM_PWM_ConfigChannel)
    HAL_TIM_PWM_Init                         0x08002be3   Thumb Code    90  stm32f1xx_hal_tim.o(i.HAL_TIM_PWM_Init)
    HAL_TIM_PWM_MspInit                      0x08002c3d   Thumb Code     2  stm32f1xx_hal_tim.o(i.HAL_TIM_PWM_MspInit)
    HAL_TIM_PWM_PulseFinishedCallback        0x08002c3f   Thumb Code     2  stm32f1xx_hal_tim.o(i.HAL_TIM_PWM_PulseFinishedCallback)
    HAL_TIM_PeriodElapsedCallback            0x08002c41   Thumb Code   106  main.o(i.HAL_TIM_PeriodElapsedCallback)
    HAL_TIM_SlaveConfigSynchro               0x08002cb5   Thumb Code    86  stm32f1xx_hal_tim.o(i.HAL_TIM_SlaveConfigSynchro)
    HAL_TIM_TriggerCallback                  0x08002d0b   Thumb Code     2  stm32f1xx_hal_tim.o(i.HAL_TIM_TriggerCallback)
    HAL_UARTEx_RxEventCallback               0x08002d0d   Thumb Code     2  stm32f1xx_hal_uart.o(i.HAL_UARTEx_RxEventCallback)
    HAL_UART_ErrorCallback                   0x08002d0f   Thumb Code     2  stm32f1xx_hal_uart.o(i.HAL_UART_ErrorCallback)
    HAL_UART_IRQHandler                      0x08002d11   Thumb Code   616  stm32f1xx_hal_uart.o(i.HAL_UART_IRQHandler)
    HAL_UART_Init                            0x08002f7d   Thumb Code   100  stm32f1xx_hal_uart.o(i.HAL_UART_Init)
    HAL_UART_MspInit                         0x08002fe1   Thumb Code   288  stm32f1xx_hal_msp.o(i.HAL_UART_MspInit)
    HAL_UART_RxCpltCallback                  0x08003121   Thumb Code     2  stm32f1xx_hal_uart.o(i.HAL_UART_RxCpltCallback)
    HAL_UART_TxCpltCallback                  0x08003123   Thumb Code     2  stm32f1xx_hal_uart.o(i.HAL_UART_TxCpltCallback)
    HardFault_Handler                        0x08003125   Thumb Code     2  stm32f1xx_it.o(i.HardFault_Handler)
    MemManage_Handler                        0x080034c9   Thumb Code     2  stm32f1xx_it.o(i.MemManage_Handler)
    NMI_Handler                              0x080034cb   Thumb Code     2  stm32f1xx_it.o(i.NMI_Handler)
    PID_Controller_Init                      0x08003879   Thumb Code    14  controllerpid.o(i.PID_Controller_Init)
    PID_Controller_Update                    0x08003887   Thumb Code   278  controllerpid.o(i.PID_Controller_Update)
    PendSV_Handler                           0x0800399d   Thumb Code     2  stm32f1xx_it.o(i.PendSV_Handler)
    SVC_Handler                              0x0800399f   Thumb Code     2  stm32f1xx_it.o(i.SVC_Handler)
    SenseBattVoltage                         0x080039a1   Thumb Code   128  voltagecurrent.o(i.SenseBattVoltage)
    SenseChrgCurrent                         0x08003a2d   Thumb Code   126  voltagecurrent.o(i.SenseChrgCurrent)
    SenseChrgVoltage                         0x08003ab1   Thumb Code   128  voltagecurrent.o(i.SenseChrgVoltage)
    SenseLoadCurrent                         0x08003b3d   Thumb Code   124  voltagecurrent.o(i.SenseLoadCurrent)
    SysTick_Handler                          0x08003bbd   Thumb Code     4  stm32f1xx_it.o(i.SysTick_Handler)
    SystemClock_Config                       0x08003bc1   Thumb Code   124  main.o(i.SystemClock_Config)
    SystemInit                               0x08003c3d   Thumb Code     2  system_stm32f1xx.o(i.SystemInit)
    TIM1_BRK_IRQHandler                      0x08003c41   Thumb Code     6  stm32f1xx_it.o(i.TIM1_BRK_IRQHandler)
    TIM1_CC_IRQHandler                       0x08003c4d   Thumb Code     6  stm32f1xx_it.o(i.TIM1_CC_IRQHandler)
    TIM1_TRG_COM_IRQHandler                  0x08003c59   Thumb Code     6  stm32f1xx_it.o(i.TIM1_TRG_COM_IRQHandler)
    TIM1_UP_IRQHandler                       0x08003c65   Thumb Code     6  stm32f1xx_it.o(i.TIM1_UP_IRQHandler)
    TIM2_IRQHandler                          0x08003c71   Thumb Code     6  stm32f1xx_it.o(i.TIM2_IRQHandler)
    TIM3_IRQHandler                          0x08003c7d   Thumb Code     6  stm32f1xx_it.o(i.TIM3_IRQHandler)
    TIM_Base_SetConfig                       0x08003c89   Thumb Code    94  stm32f1xx_hal_tim.o(i.TIM_Base_SetConfig)
    TIM_CCxChannelCmd                        0x08003cf5   Thumb Code    26  stm32f1xx_hal_tim.o(i.TIM_CCxChannelCmd)
    TIM_ETR_SetConfig                        0x08003d0f   Thumb Code    20  stm32f1xx_hal_tim.o(i.TIM_ETR_SetConfig)
    TIM_OC2_SetConfig                        0x08003d85   Thumb Code    84  stm32f1xx_hal_tim.o(i.TIM_OC2_SetConfig)
    TIM_TI1_SetConfig                        0x08003f29   Thumb Code    76  stm32f1xx_hal_tim.o(i.TIM_TI1_SetConfig)
    USART1_IRQHandler                        0x0800417d   Thumb Code     6  stm32f1xx_it.o(i.USART1_IRQHandler)
    USART3_IRQHandler                        0x08004189   Thumb Code     6  stm32f1xx_it.o(i.USART3_IRQHandler)
    USB_CoreInit                             0x08004195   Thumb Code     4  stm32f1xx_ll_usb.o(i.USB_CoreInit)
    USB_DevDisconnect                        0x08004199   Thumb Code     4  stm32f1xx_ll_usb.o(i.USB_DevDisconnect)
    USB_DevInit                              0x0800419d   Thumb Code    18  stm32f1xx_ll_usb.o(i.USB_DevInit)
    USB_DisableGlobalInt                     0x080041af   Thumb Code    14  stm32f1xx_ll_usb.o(i.USB_DisableGlobalInt)
    USB_EPStartXfer                          0x080041bd   Thumb Code  1250  stm32f1xx_ll_usb.o(i.USB_EPStartXfer)
    USB_HP_CAN1_TX_IRQHandler                0x080046a1   Thumb Code    18  stm32f1xx_it.o(i.USB_HP_CAN1_TX_IRQHandler)
    USB_LP_CAN1_RX0_IRQHandler               0x080046bd   Thumb Code    18  stm32f1xx_it.o(i.USB_LP_CAN1_RX0_IRQHandler)
    USB_ReadInterrupts                       0x080046d9   Thumb Code     6  stm32f1xx_ll_usb.o(i.USB_ReadInterrupts)
    USB_ReadPMA                              0x080046e1   Thumb Code    44  stm32f1xx_ll_usb.o(i.USB_ReadPMA)
    USB_SetCurrentMode                       0x0800470d   Thumb Code     4  stm32f1xx_ll_usb.o(i.USB_SetCurrentMode)
    USB_SetDevAddress                        0x08004711   Thumb Code    12  stm32f1xx_ll_usb.o(i.USB_SetDevAddress)
    USB_WritePMA                             0x0800471d   Thumb Code    38  stm32f1xx_ll_usb.o(i.USB_WritePMA)
    UsageFault_Handler                       0x08004743   Thumb Code     2  stm32f1xx_it.o(i.UsageFault_Handler)
    enablePowerHold                          0x08004765   Thumb Code    10  powerhold.o(i.enablePowerHold)
    inputConfigPowerHold                     0x08004775   Thumb Code    20  powerhold.o(i.inputConfigPowerHold)
    main                                     0x08004791   Thumb Code  1226  main.o(i.main)
    outPinConfigRGB                          0x08004c65   Thumb Code    80  onboardrgbled.o(i.outPinConfigRGB)
    outputConfigPowerHold                    0x08004cc1   Thumb Code    26  powerhold.o(i.outputConfigPowerHold)
    powerHold                                0x08004ce5   Thumb Code    38  powerhold.o(i.powerHold)
    sensePowerHold                           0x08004d11   Thumb Code    38  powerhold.o(i.sensePowerHold)
    statusOnRGB                              0x08004d3d   Thumb Code   114  onboardrgbled.o(i.statusOnRGB)
    __aeabi_d2f                              0x08004db5   Thumb Code     0  d2f.o(x$fpl$d2f)
    _d2f                                     0x08004db5   Thumb Code    98  d2f.o(x$fpl$d2f)
    __fpl_dcheck_NaN1                        0x08004e19   Thumb Code    10  dcheck1.o(x$fpl$dcheck1)
    __aeabi_ddiv                             0x08004e29   Thumb Code     0  ddiv.o(x$fpl$ddiv)
    _ddiv                                    0x08004e29   Thumb Code   552  ddiv.o(x$fpl$ddiv)
    __aeabi_i2d                              0x080050d9   Thumb Code     0  dflt_clz.o(x$fpl$dflt)
    _dflt                                    0x080050d9   Thumb Code    46  dflt_clz.o(x$fpl$dflt)
    __aeabi_ul2d                             0x08005109   Thumb Code     0  dfltll_clz.o(x$fpl$dfltull)
    _ll_uto_d                                0x08005109   Thumb Code   138  dfltll_clz.o(x$fpl$dfltull)
    __aeabi_dmul                             0x08005195   Thumb Code     0  dmul.o(x$fpl$dmul)
    _dmul                                    0x08005195   Thumb Code   332  dmul.o(x$fpl$dmul)
    __fpl_dnaninf                            0x080052e9   Thumb Code   156  dnaninf.o(x$fpl$dnaninf)
    __fpl_dretinf                            0x08005385   Thumb Code    12  dretinf.o(x$fpl$dretinf)
    __aeabi_fadd                             0x08005391   Thumb Code     0  faddsub_clz.o(x$fpl$fadd)
    _fadd                                    0x08005391   Thumb Code   196  faddsub_clz.o(x$fpl$fadd)
    __fpl_fcheck_NaN1                        0x08005455   Thumb Code     6  fcheck1.o(x$fpl$fcheck1)
    __fpl_fcmp_Inf                           0x08005461   Thumb Code    24  fcmpi.o(x$fpl$fcmpinf)
    __aeabi_fdiv                             0x08005479   Thumb Code     0  fdiv.o(x$fpl$fdiv)
    _fdiv                                    0x08005479   Thumb Code   384  fdiv.o(x$fpl$fdiv)
    __aeabi_cfcmple                          0x080055fd   Thumb Code     0  fleqf.o(x$fpl$fleqf)
    _fcmple                                  0x080055fd   Thumb Code   104  fleqf.o(x$fpl$fleqf)
    __fpl_fcmple_InfNaN                      0x0800564f   Thumb Code     0  fleqf.o(x$fpl$fleqf)
    __aeabi_fmul                             0x08005665   Thumb Code     0  fmul.o(x$fpl$fmul)
    _fmul                                    0x08005665   Thumb Code   258  fmul.o(x$fpl$fmul)
    __fpl_fnaninf                            0x08005767   Thumb Code   140  fnaninf.o(x$fpl$fnaninf)
    __fpl_fretinf                            0x080057f3   Thumb Code    10  fretinf.o(x$fpl$fretinf)
    __aeabi_cfrcmple                         0x080057fd   Thumb Code     0  frleqf.o(x$fpl$frleqf)
    _frcmple                                 0x080057fd   Thumb Code    98  frleqf.o(x$fpl$frleqf)
    __aeabi_fsub                             0x08005861   Thumb Code     0  faddsub_clz.o(x$fpl$fsub)
    _fsub                                    0x08005861   Thumb Code   234  faddsub_clz.o(x$fpl$fsub)
    __fpl_return_NaN                         0x0800594b   Thumb Code   100  retnan.o(x$fpl$retnan)
    __ARM_scalbn                             0x080059af   Thumb Code    92  scalbn.o(x$fpl$scalbn)
    __ARM_scalbnf                            0x08005a0b   Thumb Code    76  scalbnf.o(x$fpl$scalbnf)
    __fpl_cmpreturn                          0x08005a57   Thumb Code    48  trapv.o(x$fpl$trapveneer)
    __I$use$fp                               0x08005a86   Number         0  usenofp.o(x$fpl$usenofp)
    CommuteTable                             0x08005a88   Data          32  main.o(.constdata)
    AHBPrescTable                            0x08005acc   Data          16  system_stm32f1xx.o(.constdata)
    APBPrescTable                            0x08005adc   Data           8  system_stm32f1xx.o(.constdata)
    CommuteMatrix                            0x08005ae4   Data          48  commutator.o(.constdata)
    Region$$Table$$Base                      0x08005b14   Number         0  anon$$obj.o(Region$$Table)
    Region$$Table$$Limit                     0x08005b34   Number         0  anon$$obj.o(Region$$Table)
    HallStatus                               0x20000000   Data           1  main.o(.data)
    counter                                  0x20000004   Data           4  main.o(.data)
    commutePosition                          0x20000008   Data           4  main.o(.data)
    commutation                              0x2000000c   Data           4  main.o(.data)
    direction                                0x20000010   Data           4  main.o(.data)
    upTimeMS                                 0x20000014   Data           4  main.o(.data)
    testDutyCycle                            0x20000018   Data           4  main.o(.data)
    hcrc                                     0x2000001c   Data           8  main.o(.data)
    uwTickFreq                               0x20000024   Data           1  stm32f1xx_hal.o(.data)
    uwTickPrio                               0x20000028   Data           4  stm32f1xx_hal.o(.data)
    uwTick                                   0x2000002c   Data           4  stm32f1xx_hal.o(.data)
    SystemCoreClock                          0x20000030   Data           4  system_stm32f1xx.o(.data)
    hadc1                                    0x20000038   Data          48  main.o(.bss)
    hcan                                     0x20000068   Data          40  main.o(.bss)
    htim1                                    0x20000090   Data          72  main.o(.bss)
    htim2                                    0x200000d8   Data          72  main.o(.bss)
    htim3                                    0x20000120   Data          72  main.o(.bss)
    huart1                                   0x20000168   Data          72  main.o(.bss)
    huart3                                   0x200001b0   Data          72  main.o(.bss)
    hpcd_USB_FS                              0x200001f8   Data         752  main.o(.bss)
    event                                    0x200004e8   Data          40  main.o(.bss)
    powerDetails                             0x20000510   Data          24  main.o(.bss)
    pid                                      0x20000528   Data          48  main.o(.bss)
    RGBpwmData                               0x20000558   Data          48  main.o(.bss)
    hdma_tim1_ch1                            0x20000588   Data          68  main.o(.bss)
    hdma_tim1_ch2                            0x200005cc   Data          68  main.o(.bss)
    hdma_tim1_ch3                            0x20000610   Data          68  main.o(.bss)
    hdma_usart1_rx                           0x20000654   Data          68  main.o(.bss)
    hdma_usart1_tx                           0x20000698   Data          68  main.o(.bss)
    GPIO_InitStruct                          0x200006dc   Data          16  powerhold.o(.bss)
    __libspace_start                         0x200006ec   Data          96  libspace.o(.bss)
    __temporary_stack_top$libspace           0x2000074c   Data           0  libspace.o(.bss)



==============================================================================

Memory Map of the image

  Image Entry point : 0x080000ed

  Load Region LR_IROM1 (Base: 0x08000000, Size: 0x00005b68, Max: 0x00020000, ABSOLUTE)

    Execution Region ER_IROM1 (Exec base: 0x08000000, Load base: 0x08000000, Size: 0x00005b34, Max: 0x00020000, ABSOLUTE)

    Exec Addr    Load Addr    Size         Type   Attr      Idx    E Section Name        Object

    0x08000000   0x08000000   0x000000ec   Data   RO            3    RESET               startup_stm32f103xb.o
    0x080000ec   0x080000ec   0x00000008   Code   RO         4220  * !!!main             c_w.l(__main.o)
    0x080000f4   0x080000f4   0x00000034   Code   RO         4436    !!!scatter          c_w.l(__scatter.o)
    0x08000128   0x08000128   0x0000001a   Code   RO         4438    !!handler_copy      c_w.l(__scatter_copy.o)
    0x08000142   0x08000142   0x00000002   PAD
    0x08000144   0x08000144   0x0000001c   Code   RO         4440    !!handler_zi        c_w.l(__scatter_zi.o)
    0x08000160   0x08000160   0x00000002   Code   RO         4302    .ARM.Collect$$libinit$$00000000  c_w.l(libinit.o)
    0x08000162   0x08000162   0x00000000   Code   RO         4311    .ARM.Collect$$libinit$$00000002  c_w.l(libinit2.o)
    0x08000162   0x08000162   0x00000000   Code   RO         4313    .ARM.Collect$$libinit$$00000004  c_w.l(libinit2.o)
    0x08000162   0x08000162   0x00000000   Code   RO         4316    .ARM.Collect$$libinit$$0000000A  c_w.l(libinit2.o)
    0x08000162   0x08000162   0x00000000   Code   RO         4318    .ARM.Collect$$libinit$$0000000C  c_w.l(libinit2.o)
    0x08000162   0x08000162   0x00000000   Code   RO         4320    .ARM.Collect$$libinit$$0000000E  c_w.l(libinit2.o)
    0x08000162   0x08000162   0x00000000   Code   RO         4323    .ARM.Collect$$libinit$$00000011  c_w.l(libinit2.o)
    0x08000162   0x08000162   0x00000000   Code   RO         4325    .ARM.Collect$$libinit$$00000013  c_w.l(libinit2.o)
    0x08000162   0x08000162   0x00000000   Code   RO         4327    .ARM.Collect$$libinit$$00000015  c_w.l(libinit2.o)
    0x08000162   0x08000162   0x00000000   Code   RO         4329    .ARM.Collect$$libinit$$00000017  c_w.l(libinit2.o)
    0x08000162   0x08000162   0x00000000   Code   RO         4331    .ARM.Collect$$libinit$$00000019  c_w.l(libinit2.o)
    0x08000162   0x08000162   0x00000000   Code   RO         4333    .ARM.Collect$$libinit$$0000001B  c_w.l(libinit2.o)
    0x08000162   0x08000162   0x00000000   Code   RO         4335    .ARM.Collect$$libinit$$0000001D  c_w.l(libinit2.o)
    0x08000162   0x08000162   0x00000000   Code   RO         4337    .ARM.Collect$$libinit$$0000001F  c_w.l(libinit2.o)
    0x08000162   0x08000162   0x00000000   Code   RO         4339    .ARM.Collect$$libinit$$00000021  c_w.l(libinit2.o)
    0x08000162   0x08000162   0x00000000   Code   RO         4341    .ARM.Collect$$libinit$$00000023  c_w.l(libinit2.o)
    0x08000162   0x08000162   0x00000000   Code   RO         4343    .ARM.Collect$$libinit$$00000025  c_w.l(libinit2.o)
    0x08000162   0x08000162   0x00000000   Code   RO         4347    .ARM.Collect$$libinit$$0000002C  c_w.l(libinit2.o)
    0x08000162   0x08000162   0x00000000   Code   RO         4349    .ARM.Collect$$libinit$$0000002E  c_w.l(libinit2.o)
    0x08000162   0x08000162   0x00000000   Code   RO         4351    .ARM.Collect$$libinit$$00000030  c_w.l(libinit2.o)
    0x08000162   0x08000162   0x00000000   Code   RO         4353    .ARM.Collect$$libinit$$00000032  c_w.l(libinit2.o)
    0x08000162   0x08000162   0x00000002   Code   RO         4354    .ARM.Collect$$libinit$$00000033  c_w.l(libinit2.o)
    0x08000164   0x08000164   0x00000002   Code   RO         4374    .ARM.Collect$$libshutdown$$00000000  c_w.l(libshutdown.o)
    0x08000166   0x08000166   0x00000000   Code   RO         4387    .ARM.Collect$$libshutdown$$00000002  c_w.l(libshutdown2.o)
    0x08000166   0x08000166   0x00000000   Code   RO         4389    .ARM.Collect$$libshutdown$$00000004  c_w.l(libshutdown2.o)
    0x08000166   0x08000166   0x00000000   Code   RO         4391    .ARM.Collect$$libshutdown$$00000006  c_w.l(libshutdown2.o)
    0x08000166   0x08000166   0x00000000   Code   RO         4394    .ARM.Collect$$libshutdown$$00000009  c_w.l(libshutdown2.o)
    0x08000166   0x08000166   0x00000000   Code   RO         4397    .ARM.Collect$$libshutdown$$0000000C  c_w.l(libshutdown2.o)
    0x08000166   0x08000166   0x00000000   Code   RO         4399    .ARM.Collect$$libshutdown$$0000000E  c_w.l(libshutdown2.o)
    0x08000166   0x08000166   0x00000000   Code   RO         4402    .ARM.Collect$$libshutdown$$00000011  c_w.l(libshutdown2.o)
    0x08000166   0x08000166   0x00000002   Code   RO         4403    .ARM.Collect$$libshutdown$$00000012  c_w.l(libshutdown2.o)
    0x08000168   0x08000168   0x00000000   Code   RO         4260    .ARM.Collect$$rtentry$$00000000  c_w.l(__rtentry.o)
    0x08000168   0x08000168   0x00000000   Code   RO         4277    .ARM.Collect$$rtentry$$00000002  c_w.l(__rtentry2.o)
    0x08000168   0x08000168   0x00000006   Code   RO         4289    .ARM.Collect$$rtentry$$00000004  c_w.l(__rtentry4.o)
    0x0800016e   0x0800016e   0x00000000   Code   RO         4279    .ARM.Collect$$rtentry$$00000009  c_w.l(__rtentry2.o)
    0x0800016e   0x0800016e   0x00000004   Code   RO         4280    .ARM.Collect$$rtentry$$0000000A  c_w.l(__rtentry2.o)
    0x08000172   0x08000172   0x00000000   Code   RO         4282    .ARM.Collect$$rtentry$$0000000C  c_w.l(__rtentry2.o)
    0x08000172   0x08000172   0x00000008   Code   RO         4283    .ARM.Collect$$rtentry$$0000000D  c_w.l(__rtentry2.o)
    0x0800017a   0x0800017a   0x00000002   Code   RO         4308    .ARM.Collect$$rtexit$$00000000  c_w.l(rtexit.o)
    0x0800017c   0x0800017c   0x00000000   Code   RO         4356    .ARM.Collect$$rtexit$$00000002  c_w.l(rtexit2.o)
    0x0800017c   0x0800017c   0x00000004   Code   RO         4357    .ARM.Collect$$rtexit$$00000003  c_w.l(rtexit2.o)
    0x08000180   0x08000180   0x00000006   Code   RO         4358    .ARM.Collect$$rtexit$$00000004  c_w.l(rtexit2.o)
    0x08000186   0x08000186   0x00000002   PAD
    0x08000188   0x08000188   0x00000040   Code   RO            4    .text               startup_stm32f103xb.o
    0x080001c8   0x080001c8   0x00000064   Code   RO         4214    .text               c_w.l(rt_memcpy_w.o)
    0x0800022c   0x0800022c   0x0000004e   Code   RO         4216    .text               c_w.l(rt_memclr_w.o)
    0x0800027a   0x0800027a   0x00000006   Code   RO         4218    .text               c_w.l(heapauxi.o)
    0x08000280   0x08000280   0x0000004a   Code   RO         4293    .text               c_w.l(sys_stackheap_outer.o)
    0x080002ca   0x080002ca   0x00000012   Code   RO         4295    .text               c_w.l(exit.o)
    0x080002dc   0x080002dc   0x00000008   Code   RO         4305    .text               c_w.l(libspace.o)
    0x080002e4   0x080002e4   0x0000000c   Code   RO         4366    .text               c_w.l(sys_exit.o)
    0x080002f0   0x080002f0   0x00000002   Code   RO         4377    .text               c_w.l(use_no_semi.o)
    0x080002f2   0x080002f2   0x00000000   Code   RO         4379    .text               c_w.l(indicate_semi.o)
    0x080002f2   0x080002f2   0x00000002   PAD
    0x080002f4   0x080002f4   0x00000056   Code   RO          564    i.ADC_ConversionStop_Disable  stm32f1xx_hal_adc.o
    0x0800034a   0x0800034a   0x00000002   PAD
    0x0800034c   0x0800034c   0x0000007c   Code   RO          568    i.ADC_Enable        stm32f1xx_hal_adc.o
    0x080003c8   0x080003c8   0x0000003a   Code   RO         4063    i.ADC_Select_CurrentChrgCH  voltagecurrent.o
    0x08000402   0x08000402   0x00000038   Code   RO         4064    i.ADC_Select_LoadCurrentCH  voltagecurrent.o
    0x0800043a   0x0800043a   0x0000003a   Code   RO         4065    i.ADC_Select_VbattCH  voltagecurrent.o
    0x08000474   0x08000474   0x0000003a   Code   RO         4066    i.ADC_Select_VchrgCH  voltagecurrent.o
    0x080004ae   0x080004ae   0x00000002   Code   RO          247    i.BusFault_Handler  stm32f1xx_it.o
    0x080004b0   0x080004b0   0x0000000c   Code   RO          248    i.CAN1_RX1_IRQHandler  stm32f1xx_it.o
    0x080004bc   0x080004bc   0x0000000c   Code   RO          249    i.CAN1_SCE_IRQHandler  stm32f1xx_it.o
    0x080004c8   0x080004c8   0x000000e4   Code   RO         3950    i.Commutation       commutator.o
    0x080005ac   0x080005ac   0x0000000c   Code   RO          250    i.DMA1_Channel2_IRQHandler  stm32f1xx_it.o
    0x080005b8   0x080005b8   0x0000000c   Code   RO          251    i.DMA1_Channel3_IRQHandler  stm32f1xx_it.o
    0x080005c4   0x080005c4   0x0000000c   Code   RO          252    i.DMA1_Channel4_IRQHandler  stm32f1xx_it.o
    0x080005d0   0x080005d0   0x0000000c   Code   RO          253    i.DMA1_Channel5_IRQHandler  stm32f1xx_it.o
    0x080005dc   0x080005dc   0x0000000c   Code   RO          254    i.DMA1_Channel6_IRQHandler  stm32f1xx_it.o
    0x080005e8   0x080005e8   0x00000002   Code   RO          255    i.DebugMon_Handler  stm32f1xx_it.o
    0x080005ea   0x080005ea   0x00000004   Code   RO           13    i.Error_Handler     main.o
    0x080005ee   0x080005ee   0x00000002   PAD
    0x080005f0   0x080005f0   0x000000fc   Code   RO          570    i.HAL_ADC_ConfigChannel  stm32f1xx_hal_adc.o
    0x080006ec   0x080006ec   0x00000006   Code   RO          577    i.HAL_ADC_GetValue  stm32f1xx_hal_adc.o
    0x080006f2   0x080006f2   0x00000002   PAD
    0x080006f4   0x080006f4   0x0000011c   Code   RO          579    i.HAL_ADC_Init      stm32f1xx_hal_adc.o
    0x08000810   0x08000810   0x0000007c   Code   RO          426    i.HAL_ADC_MspInit   stm32f1xx_hal_msp.o
    0x0800088c   0x0800088c   0x0000013c   Code   RO          583    i.HAL_ADC_PollForConversion  stm32f1xx_hal_adc.o
    0x080009c8   0x080009c8   0x000000c0   Code   RO          585    i.HAL_ADC_Start     stm32f1xx_hal_adc.o
    0x08000a88   0x08000a88   0x00000034   Code   RO          588    i.HAL_ADC_Stop      stm32f1xx_hal_adc.o
    0x08000abc   0x08000abc   0x00000002   Code   RO         1823    i.HAL_CAN_ErrorCallback  stm32f1xx_hal_can.o
    0x08000abe   0x08000abe   0x000001fc   Code   RO         1830    i.HAL_CAN_IRQHandler  stm32f1xx_hal_can.o
    0x08000cba   0x08000cba   0x0000011a   Code   RO         1831    i.HAL_CAN_Init      stm32f1xx_hal_can.o
    0x08000dd4   0x08000dd4   0x000000c4   Code   RO          428    i.HAL_CAN_MspInit   stm32f1xx_hal_msp.o
    0x08000e98   0x08000e98   0x00000002   Code   RO         1838    i.HAL_CAN_RxFifo0FullCallback  stm32f1xx_hal_can.o
    0x08000e9a   0x08000e9a   0x00000002   Code   RO         1839    i.HAL_CAN_RxFifo0MsgPendingCallback  stm32f1xx_hal_can.o
    0x08000e9c   0x08000e9c   0x00000002   Code   RO         1840    i.HAL_CAN_RxFifo1FullCallback  stm32f1xx_hal_can.o
    0x08000e9e   0x08000e9e   0x00000002   Code   RO         1841    i.HAL_CAN_RxFifo1MsgPendingCallback  stm32f1xx_hal_can.o
    0x08000ea0   0x08000ea0   0x00000002   Code   RO         1842    i.HAL_CAN_SleepCallback  stm32f1xx_hal_can.o
    0x08000ea2   0x08000ea2   0x00000002   Code   RO         1845    i.HAL_CAN_TxMailbox0AbortCallback  stm32f1xx_hal_can.o
    0x08000ea4   0x08000ea4   0x00000002   Code   RO         1846    i.HAL_CAN_TxMailbox0CompleteCallback  stm32f1xx_hal_can.o
    0x08000ea6   0x08000ea6   0x00000002   Code   RO         1847    i.HAL_CAN_TxMailbox1AbortCallback  stm32f1xx_hal_can.o
    0x08000ea8   0x08000ea8   0x00000002   Code   RO         1848    i.HAL_CAN_TxMailbox1CompleteCallback  stm32f1xx_hal_can.o
    0x08000eaa   0x08000eaa   0x00000002   Code   RO         1849    i.HAL_CAN_TxMailbox2AbortCallback  stm32f1xx_hal_can.o
    0x08000eac   0x08000eac   0x00000002   Code   RO         1850    i.HAL_CAN_TxMailbox2CompleteCallback  stm32f1xx_hal_can.o
    0x08000eae   0x08000eae   0x00000002   Code   RO         1852    i.HAL_CAN_WakeUpFromRxMsgCallback  stm32f1xx_hal_can.o
    0x08000eb0   0x08000eb0   0x00000022   Code   RO         2055    i.HAL_CRC_Init      stm32f1xx_hal_crc.o
    0x08000ed2   0x08000ed2   0x00000002   PAD
    0x08000ed4   0x08000ed4   0x00000028   Code   RO          430    i.HAL_CRC_MspInit   stm32f1xx_hal_msp.o
    0x08000efc   0x08000efc   0x00000046   Code   RO         1221    i.HAL_DMA_Abort     stm32f1xx_hal_dma.o
    0x08000f42   0x08000f42   0x00000002   PAD
    0x08000f44   0x08000f44   0x00000098   Code   RO         1222    i.HAL_DMA_Abort_IT  stm32f1xx_hal_dma.o
    0x08000fdc   0x08000fdc   0x00000154   Code   RO         1226    i.HAL_DMA_IRQHandler  stm32f1xx_hal_dma.o
    0x08001130   0x08001130   0x0000005c   Code   RO         1227    i.HAL_DMA_Init      stm32f1xx_hal_dma.o
    0x0800118c   0x0800118c   0x00000024   Code   RO          847    i.HAL_Delay         stm32f1xx_hal.o
    0x080011b0   0x080011b0   0x000001e0   Code   RO         1157    i.HAL_GPIO_Init     stm32f1xx_hal_gpio.o
    0x08001390   0x08001390   0x0000000a   Code   RO         1159    i.HAL_GPIO_ReadPin  stm32f1xx_hal_gpio.o
    0x0800139a   0x0800139a   0x00000010   Code   RO         1160    i.HAL_GPIO_TogglePin  stm32f1xx_hal_gpio.o
    0x080013aa   0x080013aa   0x0000000a   Code   RO         1161    i.HAL_GPIO_WritePin  stm32f1xx_hal_gpio.o
    0x080013b4   0x080013b4   0x0000000c   Code   RO          851    i.HAL_GetTick       stm32f1xx_hal.o
    0x080013c0   0x080013c0   0x00000010   Code   RO          857    i.HAL_IncTick       stm32f1xx_hal.o
    0x080013d0   0x080013d0   0x00000024   Code   RO          858    i.HAL_Init          stm32f1xx_hal.o
    0x080013f4   0x080013f4   0x00000040   Code   RO          859    i.HAL_InitTick      stm32f1xx_hal.o
    0x08001434   0x08001434   0x0000003c   Code   RO          431    i.HAL_MspInit       stm32f1xx_hal_msp.o
    0x08001470   0x08001470   0x0000001a   Code   RO         1317    i.HAL_NVIC_EnableIRQ  stm32f1xx_hal_cortex.o
    0x0800148a   0x0800148a   0x00000002   PAD
    0x0800148c   0x0800148c   0x00000040   Code   RO         1323    i.HAL_NVIC_SetPriority  stm32f1xx_hal_cortex.o
    0x080014cc   0x080014cc   0x00000024   Code   RO         1324    i.HAL_NVIC_SetPriorityGrouping  stm32f1xx_hal_cortex.o
    0x080014f0   0x080014f0   0x00000002   Code   RO         3449    i.HAL_PCD_DataInStageCallback  stm32f1xx_hal_pcd.o
    0x080014f2   0x080014f2   0x00000002   Code   RO         3450    i.HAL_PCD_DataOutStageCallback  stm32f1xx_hal_pcd.o
    0x080014f4   0x080014f4   0x000000e6   Code   RO         3459    i.HAL_PCD_EP_DB_Receive  stm32f1xx_hal_pcd.o
    0x080015da   0x080015da   0x00000338   Code   RO         3460    i.HAL_PCD_EP_DB_Transmit  stm32f1xx_hal_pcd.o
    0x08001912   0x08001912   0x00000002   PAD
    0x08001914   0x08001914   0x00000134   Code   RO         3468    i.HAL_PCD_IRQHandler  stm32f1xx_hal_pcd.o
    0x08001a48   0x08001a48   0x000000da   Code   RO         3471    i.HAL_PCD_Init      stm32f1xx_hal_pcd.o
    0x08001b22   0x08001b22   0x00000002   PAD
    0x08001b24   0x08001b24   0x0000004c   Code   RO          433    i.HAL_PCD_MspInit   stm32f1xx_hal_msp.o
    0x08001b70   0x08001b70   0x00000002   Code   RO         3474    i.HAL_PCD_ResetCallback  stm32f1xx_hal_pcd.o
    0x08001b72   0x08001b72   0x00000002   Code   RO         3475    i.HAL_PCD_ResumeCallback  stm32f1xx_hal_pcd.o
    0x08001b74   0x08001b74   0x00000002   Code   RO         3476    i.HAL_PCD_SOFCallback  stm32f1xx_hal_pcd.o
    0x08001b76   0x08001b76   0x00000028   Code   RO         3477    i.HAL_PCD_SetAddress  stm32f1xx_hal_pcd.o
    0x08001b9e   0x08001b9e   0x00000002   Code   RO         3478    i.HAL_PCD_SetupStageCallback  stm32f1xx_hal_pcd.o
    0x08001ba0   0x08001ba0   0x00000002   Code   RO         3481    i.HAL_PCD_SuspendCallback  stm32f1xx_hal_pcd.o
    0x08001ba2   0x08001ba2   0x00000002   PAD
    0x08001ba4   0x08001ba4   0x000000a4   Code   RO         1118    i.HAL_RCCEx_GetPeriphCLKFreq  stm32f1xx_hal_rcc_ex.o
    0x08001c48   0x08001c48   0x000000ec   Code   RO         1119    i.HAL_RCCEx_PeriphCLKConfig  stm32f1xx_hal_rcc_ex.o
    0x08001d34   0x08001d34   0x0000012c   Code   RO         1015    i.HAL_RCC_ClockConfig  stm32f1xx_hal_rcc.o
    0x08001e60   0x08001e60   0x00000020   Code   RO         1022    i.HAL_RCC_GetPCLK1Freq  stm32f1xx_hal_rcc.o
    0x08001e80   0x08001e80   0x00000020   Code   RO         1023    i.HAL_RCC_GetPCLK2Freq  stm32f1xx_hal_rcc.o
    0x08001ea0   0x08001ea0   0x0000004c   Code   RO         1024    i.HAL_RCC_GetSysClockFreq  stm32f1xx_hal_rcc.o
    0x08001eec   0x08001eec   0x00000320   Code   RO         1027    i.HAL_RCC_OscConfig  stm32f1xx_hal_rcc.o
    0x0800220c   0x0800220c   0x00000028   Code   RO         1328    i.HAL_SYSTICK_Config  stm32f1xx_hal_cortex.o
    0x08002234   0x08002234   0x00000002   Code   RO         2817    i.HAL_TIMEx_BreakCallback  stm32f1xx_hal_tim_ex.o
    0x08002236   0x08002236   0x00000002   PAD
    0x08002238   0x08002238   0x000000c8   Code   RO           14    i.HAL_TIMEx_CommutCallback  main.o
    0x08002300   0x08002300   0x00000054   Code   RO         2820    i.HAL_TIMEx_ConfigBreakDeadTime  stm32f1xx_hal_tim_ex.o
    0x08002354   0x08002354   0x00000070   Code   RO         2823    i.HAL_TIMEx_ConfigCommutEvent_IT  stm32f1xx_hal_tim_ex.o
    0x080023c4   0x080023c4   0x000000d0   Code   RO         2827    i.HAL_TIMEx_HallSensor_Init  stm32f1xx_hal_tim_ex.o
    0x08002494   0x08002494   0x00000002   Code   RO         2829    i.HAL_TIMEx_HallSensor_MspInit  stm32f1xx_hal_tim_ex.o
    0x08002496   0x08002496   0x00000002   PAD
    0x08002498   0x08002498   0x0000008c   Code   RO         2832    i.HAL_TIMEx_HallSensor_Start_IT  stm32f1xx_hal_tim_ex.o
    0x08002524   0x08002524   0x00000068   Code   RO         2836    i.HAL_TIMEx_MasterConfigSynchronization  stm32f1xx_hal_tim_ex.o
    0x0800258c   0x0800258c   0x0000005a   Code   RO         2113    i.HAL_TIM_Base_Init  stm32f1xx_hal_tim.o
    0x080025e6   0x080025e6   0x00000002   PAD
    0x080025e8   0x080025e8   0x000001a8   Code   RO          435    i.HAL_TIM_Base_MspInit  stm32f1xx_hal_msp.o
    0x08002790   0x08002790   0x00000058   Code   RO         2118    i.HAL_TIM_Base_Start_IT  stm32f1xx_hal_tim.o
    0x080027e8   0x080027e8   0x00000026   Code   RO         2119    i.HAL_TIM_Base_Stop  stm32f1xx_hal_tim.o
    0x0800280e   0x0800280e   0x000000dc   Code   RO         2122    i.HAL_TIM_ConfigClockSource  stm32f1xx_hal_tim.o
    0x080028ea   0x080028ea   0x00000002   Code   RO         2147    i.HAL_TIM_IC_CaptureCallback  stm32f1xx_hal_tim.o
    0x080028ec   0x080028ec   0x00000166   Code   RO         2161    i.HAL_TIM_IRQHandler  stm32f1xx_hal_tim.o
    0x08002a52   0x08002a52   0x00000002   PAD
    0x08002a54   0x08002a54   0x000000c0   Code   RO          436    i.HAL_TIM_MspPostInit  stm32f1xx_hal_msp.o
    0x08002b14   0x08002b14   0x00000002   Code   RO         2164    i.HAL_TIM_OC_DelayElapsedCallback  stm32f1xx_hal_tim.o
    0x08002b16   0x08002b16   0x000000cc   Code   RO         2185    i.HAL_TIM_PWM_ConfigChannel  stm32f1xx_hal_tim.o
    0x08002be2   0x08002be2   0x0000005a   Code   RO         2188    i.HAL_TIM_PWM_Init  stm32f1xx_hal_tim.o
    0x08002c3c   0x08002c3c   0x00000002   Code   RO         2190    i.HAL_TIM_PWM_MspInit  stm32f1xx_hal_tim.o
    0x08002c3e   0x08002c3e   0x00000002   Code   RO         2191    i.HAL_TIM_PWM_PulseFinishedCallback  stm32f1xx_hal_tim.o
    0x08002c40   0x08002c40   0x00000074   Code   RO           15    i.HAL_TIM_PeriodElapsedCallback  main.o
    0x08002cb4   0x08002cb4   0x00000056   Code   RO         2202    i.HAL_TIM_SlaveConfigSynchro  stm32f1xx_hal_tim.o
    0x08002d0a   0x08002d0a   0x00000002   Code   RO         2204    i.HAL_TIM_TriggerCallback  stm32f1xx_hal_tim.o
    0x08002d0c   0x08002d0c   0x00000002   Code   RO         3096    i.HAL_UARTEx_RxEventCallback  stm32f1xx_hal_uart.o
    0x08002d0e   0x08002d0e   0x00000002   Code   RO         3110    i.HAL_UART_ErrorCallback  stm32f1xx_hal_uart.o
    0x08002d10   0x08002d10   0x0000026c   Code   RO         3113    i.HAL_UART_IRQHandler  stm32f1xx_hal_uart.o
    0x08002f7c   0x08002f7c   0x00000064   Code   RO         3114    i.HAL_UART_Init     stm32f1xx_hal_uart.o
    0x08002fe0   0x08002fe0   0x00000140   Code   RO          438    i.HAL_UART_MspInit  stm32f1xx_hal_msp.o
    0x08003120   0x08003120   0x00000002   Code   RO         3120    i.HAL_UART_RxCpltCallback  stm32f1xx_hal_uart.o
    0x08003122   0x08003122   0x00000002   Code   RO         3125    i.HAL_UART_TxCpltCallback  stm32f1xx_hal_uart.o
    0x08003124   0x08003124   0x00000002   Code   RO          256    i.HardFault_Handler  stm32f1xx_it.o
    0x08003126   0x08003126   0x00000002   PAD
    0x08003128   0x08003128   0x00000038   Code   RO           16    i.MX_CAN_Init       main.o
    0x08003160   0x08003160   0x0000006c   Code   RO           17    i.MX_DMA_Init       main.o
    0x080031cc   0x080031cc   0x000000a8   Code   RO           18    i.MX_GPIO_Init      main.o
    0x08003274   0x08003274   0x00000108   Code   RO           19    i.MX_TIM1_Init      main.o
    0x0800337c   0x0800337c   0x00000088   Code   RO           20    i.MX_TIM2_Init      main.o
    0x08003404   0x08003404   0x000000c4   Code   RO           21    i.MX_TIM3_Init      main.o
    0x080034c8   0x080034c8   0x00000002   Code   RO          257    i.MemManage_Handler  stm32f1xx_it.o
    0x080034ca   0x080034ca   0x00000002   Code   RO          258    i.NMI_Handler       stm32f1xx_it.o
    0x080034cc   0x080034cc   0x000003ac   Code   RO         3483    i.PCD_EP_ISR_Handler  stm32f1xx_hal_pcd.o
    0x08003878   0x08003878   0x0000000e   Code   RO         4180    i.PID_Controller_Init  controllerpid.o
    0x08003886   0x08003886   0x00000116   Code   RO         4181    i.PID_Controller_Update  controllerpid.o
    0x0800399c   0x0800399c   0x00000002   Code   RO          259    i.PendSV_Handler    stm32f1xx_it.o
    0x0800399e   0x0800399e   0x00000002   Code   RO          260    i.SVC_Handler       stm32f1xx_it.o
    0x080039a0   0x080039a0   0x0000008c   Code   RO         4067    i.SenseBattVoltage  voltagecurrent.o
    0x08003a2c   0x08003a2c   0x00000084   Code   RO         4068    i.SenseChrgCurrent  voltagecurrent.o
    0x08003ab0   0x08003ab0   0x0000008c   Code   RO         4069    i.SenseChrgVoltage  voltagecurrent.o
    0x08003b3c   0x08003b3c   0x00000080   Code   RO         4070    i.SenseLoadCurrent  voltagecurrent.o
    0x08003bbc   0x08003bbc   0x00000004   Code   RO          261    i.SysTick_Handler   stm32f1xx_it.o
    0x08003bc0   0x08003bc0   0x0000007c   Code   RO           22    i.SystemClock_Config  main.o
    0x08003c3c   0x08003c3c   0x00000002   Code   RO         3913    i.SystemInit        system_stm32f1xx.o
    0x08003c3e   0x08003c3e   0x00000002   PAD
    0x08003c40   0x08003c40   0x0000000c   Code   RO          262    i.TIM1_BRK_IRQHandler  stm32f1xx_it.o
    0x08003c4c   0x08003c4c   0x0000000c   Code   RO          263    i.TIM1_CC_IRQHandler  stm32f1xx_it.o
    0x08003c58   0x08003c58   0x0000000c   Code   RO          264    i.TIM1_TRG_COM_IRQHandler  stm32f1xx_it.o
    0x08003c64   0x08003c64   0x0000000c   Code   RO          265    i.TIM1_UP_IRQHandler  stm32f1xx_it.o
    0x08003c70   0x08003c70   0x0000000c   Code   RO          266    i.TIM2_IRQHandler   stm32f1xx_it.o
    0x08003c7c   0x08003c7c   0x0000000c   Code   RO          267    i.TIM3_IRQHandler   stm32f1xx_it.o
    0x08003c88   0x08003c88   0x0000006c   Code   RO         2206    i.TIM_Base_SetConfig  stm32f1xx_hal_tim.o
    0x08003cf4   0x08003cf4   0x0000001a   Code   RO         2207    i.TIM_CCxChannelCmd  stm32f1xx_hal_tim.o
    0x08003d0e   0x08003d0e   0x00000014   Code   RO         2217    i.TIM_ETR_SetConfig  stm32f1xx_hal_tim.o
    0x08003d22   0x08003d22   0x00000010   Code   RO         2218    i.TIM_ITRx_SetConfig  stm32f1xx_hal_tim.o
    0x08003d32   0x08003d32   0x00000002   PAD
    0x08003d34   0x08003d34   0x00000050   Code   RO         2219    i.TIM_OC1_SetConfig  stm32f1xx_hal_tim.o
    0x08003d84   0x08003d84   0x00000058   Code   RO         2220    i.TIM_OC2_SetConfig  stm32f1xx_hal_tim.o
    0x08003ddc   0x08003ddc   0x00000058   Code   RO         2221    i.TIM_OC3_SetConfig  stm32f1xx_hal_tim.o
    0x08003e34   0x08003e34   0x00000044   Code   RO         2222    i.TIM_OC4_SetConfig  stm32f1xx_hal_tim.o
    0x08003e78   0x08003e78   0x0000008c   Code   RO         2223    i.TIM_SlaveTimer_SetConfig  stm32f1xx_hal_tim.o
    0x08003f04   0x08003f04   0x00000022   Code   RO         2224    i.TIM_TI1_ConfigInputStage  stm32f1xx_hal_tim.o
    0x08003f26   0x08003f26   0x00000002   PAD
    0x08003f28   0x08003f28   0x00000058   Code   RO         2225    i.TIM_TI1_SetConfig  stm32f1xx_hal_tim.o
    0x08003f80   0x08003f80   0x00000024   Code   RO         2226    i.TIM_TI2_ConfigInputStage  stm32f1xx_hal_tim.o
    0x08003fa4   0x08003fa4   0x00000010   Code   RO         3127    i.UART_DMAAbortOnError  stm32f1xx_hal_uart.o
    0x08003fb4   0x08003fb4   0x0000004e   Code   RO         3137    i.UART_EndRxTransfer  stm32f1xx_hal_uart.o
    0x08004002   0x08004002   0x000000c2   Code   RO         3139    i.UART_Receive_IT   stm32f1xx_hal_uart.o
    0x080040c4   0x080040c4   0x000000b8   Code   RO         3140    i.UART_SetConfig    stm32f1xx_hal_uart.o
    0x0800417c   0x0800417c   0x0000000c   Code   RO          268    i.USART1_IRQHandler  stm32f1xx_it.o
    0x08004188   0x08004188   0x0000000c   Code   RO          269    i.USART3_IRQHandler  stm32f1xx_it.o
    0x08004194   0x08004194   0x00000004   Code   RO         3729    i.USB_CoreInit      stm32f1xx_ll_usb.o
    0x08004198   0x08004198   0x00000004   Code   RO         3733    i.USB_DevDisconnect  stm32f1xx_ll_usb.o
    0x0800419c   0x0800419c   0x00000012   Code   RO         3734    i.USB_DevInit       stm32f1xx_ll_usb.o
    0x080041ae   0x080041ae   0x0000000e   Code   RO         3735    i.USB_DisableGlobalInt  stm32f1xx_ll_usb.o
    0x080041bc   0x080041bc   0x000004e2   Code   RO         3739    i.USB_EPStartXfer   stm32f1xx_ll_usb.o
    0x0800469e   0x0800469e   0x00000002   PAD
    0x080046a0   0x080046a0   0x0000001c   Code   RO          270    i.USB_HP_CAN1_TX_IRQHandler  stm32f1xx_it.o
    0x080046bc   0x080046bc   0x0000001c   Code   RO          271    i.USB_LP_CAN1_RX0_IRQHandler  stm32f1xx_it.o
    0x080046d8   0x080046d8   0x00000006   Code   RO         3748    i.USB_ReadInterrupts  stm32f1xx_ll_usb.o
    0x080046de   0x080046de   0x00000002   PAD
    0x080046e0   0x080046e0   0x0000002c   Code   RO         3749    i.USB_ReadPMA       stm32f1xx_ll_usb.o
    0x0800470c   0x0800470c   0x00000004   Code   RO         3750    i.USB_SetCurrentMode  stm32f1xx_ll_usb.o
    0x08004710   0x08004710   0x0000000c   Code   RO         3751    i.USB_SetDevAddress  stm32f1xx_ll_usb.o
    0x0800471c   0x0800471c   0x00000026   Code   RO         3753    i.USB_WritePMA      stm32f1xx_ll_usb.o
    0x08004742   0x08004742   0x00000002   Code   RO          272    i.UsageFault_Handler  stm32f1xx_it.o
    0x08004744   0x08004744   0x00000020   Code   RO         1330    i.__NVIC_SetPriority  stm32f1xx_hal_cortex.o
    0x08004764   0x08004764   0x00000010   Code   RO         4014    i.enablePowerHold   powerhold.o
    0x08004774   0x08004774   0x0000001c   Code   RO         4015    i.inputConfigPowerHold  powerhold.o
    0x08004790   0x08004790   0x000004d4   Code   RO           23    i.main              main.o
    0x08004c64   0x08004c64   0x0000005c   Code   RO         3984    i.outPinConfigRGB   onboardrgbled.o
    0x08004cc0   0x08004cc0   0x00000024   Code   RO         4016    i.outputConfigPowerHold  powerhold.o
    0x08004ce4   0x08004ce4   0x0000002c   Code   RO         4017    i.powerHold         powerhold.o
    0x08004d10   0x08004d10   0x0000002c   Code   RO         4018    i.sensePowerHold    powerhold.o
    0x08004d3c   0x08004d3c   0x00000078   Code   RO         3985    i.statusOnRGB       onboardrgbled.o
    0x08004db4   0x08004db4   0x00000062   Code   RO         4222    x$fpl$d2f           fz_ws.l(d2f.o)
    0x08004e16   0x08004e16   0x00000002   PAD
    0x08004e18   0x08004e18   0x00000010   Code   RO         4261    x$fpl$dcheck1       fz_ws.l(dcheck1.o)
    0x08004e28   0x08004e28   0x000002b0   Code   RO         4225    x$fpl$ddiv          fz_ws.l(ddiv.o)
    0x080050d8   0x080050d8   0x0000002e   Code   RO         4229    x$fpl$dflt          fz_ws.l(dflt_clz.o)
    0x08005106   0x08005106   0x00000002   PAD
    0x08005108   0x08005108   0x0000008a   Code   RO         4235    x$fpl$dfltull       fz_ws.l(dfltll_clz.o)
    0x08005192   0x08005192   0x00000002   PAD
    0x08005194   0x08005194   0x00000154   Code   RO         4238    x$fpl$dmul          fz_ws.l(dmul.o)
    0x080052e8   0x080052e8   0x0000009c   Code   RO         4263    x$fpl$dnaninf       fz_ws.l(dnaninf.o)
    0x08005384   0x08005384   0x0000000c   Code   RO         4265    x$fpl$dretinf       fz_ws.l(dretinf.o)
    0x08005390   0x08005390   0x000000c4   Code   RO         4240    x$fpl$fadd          fz_ws.l(faddsub_clz.o)
    0x08005454   0x08005454   0x0000000c   Code   RO         4267    x$fpl$fcheck1       fz_ws.l(fcheck1.o)
    0x08005460   0x08005460   0x00000018   Code   RO         4269    x$fpl$fcmpinf       fz_ws.l(fcmpi.o)
    0x08005478   0x08005478   0x00000184   Code   RO         4247    x$fpl$fdiv          fz_ws.l(fdiv.o)
    0x080055fc   0x080055fc   0x00000068   Code   RO         4250    x$fpl$fleqf         fz_ws.l(fleqf.o)
    0x08005664   0x08005664   0x00000102   Code   RO         4252    x$fpl$fmul          fz_ws.l(fmul.o)
    0x08005766   0x08005766   0x0000008c   Code   RO         4271    x$fpl$fnaninf       fz_ws.l(fnaninf.o)
    0x080057f2   0x080057f2   0x0000000a   Code   RO         4273    x$fpl$fretinf       fz_ws.l(fretinf.o)
    0x080057fc   0x080057fc   0x00000062   Code   RO         4254    x$fpl$frleqf        fz_ws.l(frleqf.o)
    0x0800585e   0x0800585e   0x00000002   PAD
    0x08005860   0x08005860   0x000000ea   Code   RO         4242    x$fpl$fsub          fz_ws.l(faddsub_clz.o)
    0x0800594a   0x0800594a   0x00000064   Code   RO         4291    x$fpl$retnan        fz_ws.l(retnan.o)
    0x080059ae   0x080059ae   0x0000005c   Code   RO         4256    x$fpl$scalbn        fz_ws.l(scalbn.o)
    0x08005a0a   0x08005a0a   0x0000004c   Code   RO         4258    x$fpl$scalbnf       fz_ws.l(scalbnf.o)
    0x08005a56   0x08005a56   0x00000030   Code   RO         4303    x$fpl$trapveneer    fz_ws.l(trapv.o)
    0x08005a86   0x08005a86   0x00000000   Code   RO         4275    x$fpl$usenofp       fz_ws.l(usenofp.o)
    0x08005a86   0x08005a86   0x00000002   PAD
    0x08005a88   0x08005a88   0x00000020   Data   RO           30    .constdata          main.o
    0x08005aa8   0x08005aa8   0x00000012   Data   RO         1028    .constdata          stm32f1xx_hal_rcc.o
    0x08005aba   0x08005aba   0x00000012   Data   RO         1120    .constdata          stm32f1xx_hal_rcc_ex.o
    0x08005acc   0x08005acc   0x00000010   Data   RO         3914    .constdata          system_stm32f1xx.o
    0x08005adc   0x08005adc   0x00000008   Data   RO         3915    .constdata          system_stm32f1xx.o
    0x08005ae4   0x08005ae4   0x00000030   Data   RO         3951    .constdata          commutator.o
    0x08005b14   0x08005b14   0x00000020   Data   RO         4434    Region$$Table       anon$$obj.o


    Execution Region RW_IRAM1 (Exec base: 0x20000000, Load base: 0x08005b34, Size: 0x00000d50, Max: 0x00005000, ABSOLUTE)

    Exec Addr    Load Addr    Size         Type   Attr      Idx    E Section Name        Object

    0x20000000   0x08005b34   0x00000024   Data   RW           31    .data               main.o
    0x20000024   0x08005b58   0x0000000c   Data   RW          865    .data               stm32f1xx_hal.o
    0x20000030   0x08005b64   0x00000004   Data   RW         3916    .data               system_stm32f1xx.o
    0x20000034   0x08005b68   0x00000004   PAD
    0x20000038        -       0x00000550   Zero   RW           24    .bss                main.o
    0x20000588        -       0x00000044   Zero   RW           25    .bss                main.o
    0x200005cc        -       0x00000044   Zero   RW           26    .bss                main.o
    0x20000610        -       0x00000044   Zero   RW           27    .bss                main.o
    0x20000654        -       0x00000044   Zero   RW           28    .bss                main.o
    0x20000698        -       0x00000044   Zero   RW           29    .bss                main.o
    0x200006dc        -       0x00000010   Zero   RW         4019    .bss                powerhold.o
    0x200006ec        -       0x00000060   Zero   RW         4306    .bss                c_w.l(libspace.o)
    0x2000074c   0x08005b68   0x00000004   PAD
    0x20000750        -       0x00000200   Zero   RW            2    HEAP                startup_stm32f103xb.o
    0x20000950        -       0x00000400   Zero   RW            1    STACK               startup_stm32f103xb.o


==============================================================================

Image component sizes


      Code (inc. data)   RO Data    RW Data    ZI Data      Debug   Object Name

       228         10         48          0          0       1650   commutator.o
       292          0          0          0          0       2442   controllerpid.o
      2608        146         32         36       1700     478573   main.o
       212         18          0          0          0       1752   onboardrgbled.o
       168         36          0          0         16       3060   powerhold.o
        64         26        236          0       1536        816   startup_stm32f103xb.o
       164         28          0         12          0       5941   stm32f1xx_hal.o
      1312         54          0          0          0       7271   stm32f1xx_hal_adc.o
       816          0          0          0          0       9727   stm32f1xx_hal_can.o
       198         14          0          0          0      28987   stm32f1xx_hal_cortex.o
        34          0          0          0          0       1051   stm32f1xx_hal_crc.o
       654         36          0          0          0       3411   stm32f1xx_hal_dma.o
       516         34          0          0          0       4152   stm32f1xx_hal_gpio.o
      1432        156          0          0          0       6572   stm32f1xx_hal_msp.o
      2574          0          0          0          0      12064   stm32f1xx_hal_pcd.o
      1240         84         18          0          0       5140   stm32f1xx_hal_rcc.o
       400         28         18          0          0       2485   stm32f1xx_hal_rcc_ex.o
      1976         66          0          0          0      18367   stm32f1xx_hal_tim.o
       652         26          0          0          0       5922   stm32f1xx_hal_tim_ex.o
      1200         10          0          0          0       8036   stm32f1xx_hal_uart.o
       256        110          0          0          0      11596   stm32f1xx_it.o
      1394          0          0          0          0       9369   stm32f1xx_ll_usb.o
         2          0         24          4          0       1131   system_stm32f1xx.o
       770         34          0          0          0       5200   voltagecurrent.o

    ----------------------------------------------------------------------
     19200        916        408         52       3256     634715   Object Totals
         0          0         32          0          0          0   (incl. Generated)
        38          0          0          0          4          0   (incl. Padding)

    ----------------------------------------------------------------------

      Code (inc. data)   RO Data    RW Data    ZI Data      Debug   Library Member Name

         8          0          0          0          0         68   __main.o
         0          0          0          0          0          0   __rtentry.o
        12          0          0          0          0          0   __rtentry2.o
         6          0          0          0          0          0   __rtentry4.o
        52          8          0          0          0          0   __scatter.o
        26          0          0          0          0          0   __scatter_copy.o
        28          0          0          0          0          0   __scatter_zi.o
        18          0          0          0          0         80   exit.o
         6          0          0          0          0        152   heapauxi.o
         0          0          0          0          0          0   indicate_semi.o
         2          0          0          0          0          0   libinit.o
         2          0          0          0          0          0   libinit2.o
         2          0          0          0          0          0   libshutdown.o
         2          0          0          0          0          0   libshutdown2.o
         8          4          0          0         96         68   libspace.o
        78          0          0          0          0         80   rt_memclr_w.o
       100          0          0          0          0         80   rt_memcpy_w.o
         2          0          0          0          0          0   rtexit.o
        10          0          0          0          0          0   rtexit2.o
        12          4          0          0          0         68   sys_exit.o
        74          0          0          0          0         80   sys_stackheap_outer.o
         2          0          0          0          0         68   use_no_semi.o
        98          4          0          0          0         92   d2f.o
        16          4          0          0          0         68   dcheck1.o
       688        140          0          0          0        208   ddiv.o
        46          0          0          0          0         68   dflt_clz.o
       138          0          0          0          0         84   dfltll_clz.o
       340         12          0          0          0        104   dmul.o
       156          4          0          0          0         92   dnaninf.o
        12          0          0          0          0         68   dretinf.o
       430          8          0          0          0        168   faddsub_clz.o
        12          4          0          0          0         68   fcheck1.o
        24          0          0          0          0         68   fcmpi.o
       388         76          0          0          0         96   fdiv.o
       104          4          0          0          0         84   fleqf.o
       258          4          0          0          0         84   fmul.o
       140          4          0          0          0         84   fnaninf.o
        10          0          0          0          0         68   fretinf.o
        98          0          0          0          0         68   frleqf.o
       100          0          0          0          0         68   retnan.o
        92          0          0          0          0         68   scalbn.o
        76          0          0          0          0         68   scalbnf.o
        48          0          0          0          0         68   trapv.o
         0          0          0          0          0          0   usenofp.o

    ----------------------------------------------------------------------
      3740        280          0          0        100       2588   Library Totals
        16          0          0          0          4          0   (incl. Padding)

    ----------------------------------------------------------------------

      Code (inc. data)   RO Data    RW Data    ZI Data      Debug   Library Name

       450         16          0          0         96        744   c_w.l
      3274        264          0          0          0       1844   fz_ws.l

    ----------------------------------------------------------------------
      3740        280          0          0        100       2588   Library Totals

    ----------------------------------------------------------------------

==============================================================================


      Code (inc. data)   RO Data    RW Data    ZI Data      Debug   

     22940       1196        408         52       3356     626951   Grand Totals
     22940       1196        408         52       3356     626951   ELF Image Totals
     22940       1196        408         52          0          0   ROM Totals

==============================================================================

    Total RO  Size (Code + RO Data)                23348 (  22.80kB)
    Total RW  Size (RW Data + ZI Data)              3408 (   3.33kB)
    Total ROM Size (Code + RO Data + RW Data)      23400 (  22.85kB)

==============================================================================

